Archive member included to satisfy reference by file (symbol)

D:/ST/STM32CubeIDE_1.13.2/STM32CubeIDE/plugins/com.st.stm32cube.ide.mcu.externaltools.gnu-tools-for-stm32.11.3.rel1.win32_1.1.1.202309131626/tools/bin/../lib/gcc/arm-none-eabi/11.3.1/../../../../arm-none-eabi/lib/thumb/v7e-m+fp/hard\libc_nano.a(libc_a-exit.o)
                              D:/ST/STM32CubeIDE_1.13.2/STM32CubeIDE/plugins/com.st.stm32cube.ide.mcu.externaltools.gnu-tools-for-stm32.11.3.rel1.win32_1.1.1.202309131626/tools/bin/../lib/gcc/arm-none-eabi/11.3.1/../../../../arm-none-eabi/lib/thumb/v7e-m+fp/hard/crt0.o (exit)
D:/ST/STM32CubeIDE_1.13.2/STM32CubeIDE/plugins/com.st.stm32cube.ide.mcu.externaltools.gnu-tools-for-stm32.11.3.rel1.win32_1.1.1.202309131626/tools/bin/../lib/gcc/arm-none-eabi/11.3.1/../../../../arm-none-eabi/lib/thumb/v7e-m+fp/hard\libc_nano.a(libc_a-findfp.o)
                              D:/ST/STM32CubeIDE_1.13.2/STM32CubeIDE/plugins/com.st.stm32cube.ide.mcu.externaltools.gnu-tools-for-stm32.11.3.rel1.win32_1.1.1.202309131626/tools/bin/../lib/gcc/arm-none-eabi/11.3.1/../../../../arm-none-eabi/lib/thumb/v7e-m+fp/hard\libc_nano.a(libc_a-exit.o) (__stdio_exit_handler)
D:/ST/STM32CubeIDE_1.13.2/STM32CubeIDE/plugins/com.st.stm32cube.ide.mcu.externaltools.gnu-tools-for-stm32.11.3.rel1.win32_1.1.1.202309131626/tools/bin/../lib/gcc/arm-none-eabi/11.3.1/../../../../arm-none-eabi/lib/thumb/v7e-m+fp/hard\libc_nano.a(libc_a-fwalk.o)
                              D:/ST/STM32CubeIDE_1.13.2/STM32CubeIDE/plugins/com.st.stm32cube.ide.mcu.externaltools.gnu-tools-for-stm32.11.3.rel1.win32_1.1.1.202309131626/tools/bin/../lib/gcc/arm-none-eabi/11.3.1/../../../../arm-none-eabi/lib/thumb/v7e-m+fp/hard\libc_nano.a(libc_a-findfp.o) (_fwalk_sglue)
D:/ST/STM32CubeIDE_1.13.2/STM32CubeIDE/plugins/com.st.stm32cube.ide.mcu.externaltools.gnu-tools-for-stm32.11.3.rel1.win32_1.1.1.202309131626/tools/bin/../lib/gcc/arm-none-eabi/11.3.1/../../../../arm-none-eabi/lib/thumb/v7e-m+fp/hard\libc_nano.a(libc_a-stdio.o)
                              D:/ST/STM32CubeIDE_1.13.2/STM32CubeIDE/plugins/com.st.stm32cube.ide.mcu.externaltools.gnu-tools-for-stm32.11.3.rel1.win32_1.1.1.202309131626/tools/bin/../lib/gcc/arm-none-eabi/11.3.1/../../../../arm-none-eabi/lib/thumb/v7e-m+fp/hard\libc_nano.a(libc_a-findfp.o) (__sread)
D:/ST/STM32CubeIDE_1.13.2/STM32CubeIDE/plugins/com.st.stm32cube.ide.mcu.externaltools.gnu-tools-for-stm32.11.3.rel1.win32_1.1.1.202309131626/tools/bin/../lib/gcc/arm-none-eabi/11.3.1/../../../../arm-none-eabi/lib/thumb/v7e-m+fp/hard\libc_nano.a(libc_a-memset.o)
                              D:/ST/STM32CubeIDE_1.13.2/STM32CubeIDE/plugins/com.st.stm32cube.ide.mcu.externaltools.gnu-tools-for-stm32.11.3.rel1.win32_1.1.1.202309131626/tools/bin/../lib/gcc/arm-none-eabi/11.3.1/../../../../arm-none-eabi/lib/thumb/v7e-m+fp/hard/crt0.o (memset)
D:/ST/STM32CubeIDE_1.13.2/STM32CubeIDE/plugins/com.st.stm32cube.ide.mcu.externaltools.gnu-tools-for-stm32.11.3.rel1.win32_1.1.1.202309131626/tools/bin/../lib/gcc/arm-none-eabi/11.3.1/../../../../arm-none-eabi/lib/thumb/v7e-m+fp/hard\libc_nano.a(libc_a-closer.o)
                              D:/ST/STM32CubeIDE_1.13.2/STM32CubeIDE/plugins/com.st.stm32cube.ide.mcu.externaltools.gnu-tools-for-stm32.11.3.rel1.win32_1.1.1.202309131626/tools/bin/../lib/gcc/arm-none-eabi/11.3.1/../../../../arm-none-eabi/lib/thumb/v7e-m+fp/hard\libc_nano.a(libc_a-stdio.o) (_close_r)
D:/ST/STM32CubeIDE_1.13.2/STM32CubeIDE/plugins/com.st.stm32cube.ide.mcu.externaltools.gnu-tools-for-stm32.11.3.rel1.win32_1.1.1.202309131626/tools/bin/../lib/gcc/arm-none-eabi/11.3.1/../../../../arm-none-eabi/lib/thumb/v7e-m+fp/hard\libc_nano.a(libc_a-reent.o)
                              D:/ST/STM32CubeIDE_1.13.2/STM32CubeIDE/plugins/com.st.stm32cube.ide.mcu.externaltools.gnu-tools-for-stm32.11.3.rel1.win32_1.1.1.202309131626/tools/bin/../lib/gcc/arm-none-eabi/11.3.1/../../../../arm-none-eabi/lib/thumb/v7e-m+fp/hard\libc_nano.a(libc_a-closer.o) (errno)
D:/ST/STM32CubeIDE_1.13.2/STM32CubeIDE/plugins/com.st.stm32cube.ide.mcu.externaltools.gnu-tools-for-stm32.11.3.rel1.win32_1.1.1.202309131626/tools/bin/../lib/gcc/arm-none-eabi/11.3.1/../../../../arm-none-eabi/lib/thumb/v7e-m+fp/hard\libc_nano.a(libc_a-impure.o)
                              D:/ST/STM32CubeIDE_1.13.2/STM32CubeIDE/plugins/com.st.stm32cube.ide.mcu.externaltools.gnu-tools-for-stm32.11.3.rel1.win32_1.1.1.202309131626/tools/bin/../lib/gcc/arm-none-eabi/11.3.1/../../../../arm-none-eabi/lib/thumb/v7e-m+fp/hard\libc_nano.a(libc_a-reent.o) (_impure_ptr)
D:/ST/STM32CubeIDE_1.13.2/STM32CubeIDE/plugins/com.st.stm32cube.ide.mcu.externaltools.gnu-tools-for-stm32.11.3.rel1.win32_1.1.1.202309131626/tools/bin/../lib/gcc/arm-none-eabi/11.3.1/../../../../arm-none-eabi/lib/thumb/v7e-m+fp/hard\libc_nano.a(libc_a-lseekr.o)
[...]
Memory Configuration

Name             Origin             Length             Attributes
RAM              0x0000000020000000 0x0000000000020000 xrw
FLASH            0x0000000008000000 0x0000000000080000 xr
*default*        0x0000000000000000 0xffffffffffffffff

Linker script and memory map

LOAD D:/ST/STM32CubeIDE_1.13.2/STM32CubeIDE/plugins/com.st.stm32cube.ide.mcu.externaltools.gnu-tools-for-stm32.11.3.rel1.win32_1.1.1.202309131626/tools/bin/../lib/gcc/arm-none-eabi/11.3.1/thumb/v7e-m+fp/hard/crti.o
LOAD D:/ST/STM32CubeIDE_1.13.2/STM32CubeIDE/plugins/com.st.stm32cube.ide.mcu.externaltools.gnu-tools-for-stm32.11.3.rel1.win32_1.1.1.202309131626/tools/bin/../lib/gcc/arm-none-eabi/11.3.1/thumb/v7e-m+fp/hard/crtbegin.o
LOAD D:/ST/STM32CubeIDE_1.13.2/STM32CubeIDE/plugins/com.st.stm32cube.ide.mcu.externaltools.gnu-tools-for-stm32.11.3.rel1.win32_1.1.1.202309131626/tools/bin/../lib/gcc/arm-none-eabi/11.3.1/../../../../arm-none-eabi/lib/thumb/v7e-m+fp/hard/crt0.o
LOAD ./Core/Src/logging.o
LOAD ./Core/Src/main.o
LOAD ./Core/Src/stm32g4xx_hal_msp.o
LOAD ./Core/Src/stm32g4xx_it.o
LOAD ./Core/Src/syscalls.o
LOAD ./Core/Src/sysmem.o
LOAD ./Core/Src/system_stm32g4xx.o
LOAD ./Core/Startup/startup_stm32g474retx.o
LOAD ./Core/revember_logger/revEMBer.o
LOAD ./Core/revember_logger/revEMBer_buffer.o
LOAD ./Drivers/BSP/STM32G4xx_Nucleo/stm32g4xx_nucleo.o
LOAD ./Drivers/STM32G4xx_HAL_Driver/Src/stm32g4xx_hal.o
LOAD ./Drivers/STM32G4xx_HAL_Driver/Src/stm32g4xx_hal_cortex.o
LOAD ./Drivers/STM32G4xx_HAL_Driver/Src/stm32g4xx_hal_dma.o
LOAD ./Drivers/STM32G4xx_HAL_Driver/Src/stm32g4xx_hal_dma_ex.o
LOAD ./Drivers/STM32G4xx_HAL_Driver/Src/stm32g4xx_hal_exti.o
LOAD ./Drivers/STM32G4xx_HAL_Driver/Src/stm32g4xx_hal_flash.o
LOAD ./Drivers/STM32G4xx_HAL_Driver/Src/stm32g4xx_hal_flash_ex.o
LOAD ./Drivers/STM32G4xx_HAL_Driver/Src/stm32g4xx_hal_flash_ramfunc.o
LOAD ./Drivers/STM32G4xx_HAL_Driver/Src/stm32g4xx_hal_gpio.o
LOAD ./Drivers/STM32G4xx_HAL_Driver/Src/stm32g4xx_hal_pwr.o
LOAD ./Drivers/STM32G4xx_HAL_Driver/Src/stm32g4xx_hal_pwr_ex.o
LOAD ./Drivers/STM32G4xx_HAL_Driver/Src/stm32g4xx_hal_rcc.o
LOAD ./Drivers/STM32G4xx_HAL_Driver/Src/stm32g4xx_hal_rcc_ex.o
LOAD ./Drivers/STM32G4xx_HAL_Driver/Src/stm32g4xx_hal_tim.o
LOAD ./Drivers/STM32G4xx_HAL_Driver/Src/stm32g4xx_hal_tim_ex.o
LOAD ./Drivers/STM32G4xx_HAL_Driver/Src/stm32g4xx_hal_uart.o
LOAD ./Drivers/STM32G4xx_HAL_Driver/Src/stm32g4xx_hal_uart_ex.o
LOAD ./Drivers/STM32G4xx_HAL_Driver/Src/stm32g4xx_hal_usart.o
LOAD ./Drivers/STM32G4xx_HAL_Driver/Src/stm32g4xx_hal_usart_ex.o
START GROUP
LOAD D:/ST/STM32CubeIDE_1.13.2/STM32CubeIDE/plugins/com.st.stm32cube.ide.mcu.externaltools.gnu-tools-for-stm32.11.3.rel1.win32_1.1.1.202309131626/tools/bin/../lib/gcc/arm-none-eabi/11.3.1/../../../../arm-none-eabi/lib/thumb/v7e-m+fp/hard\libc_nano.a
LOAD D:/ST/STM32CubeIDE_1.13.2/STM32CubeIDE/plugins/com.st.stm32cube.ide.mcu.externaltools.gnu-tools-for-stm32.11.3.rel1.win32_1.1.1.202309131626/tools/bin/../lib/gcc/arm-none-eabi/11.3.1/../../../../arm-none-eabi/lib/thumb/v7e-m+fp/hard\libm.a
END GROUP
START GROUP
LOAD D:/ST/STM32CubeIDE_1.13.2/STM32CubeIDE/plugins/com.st.stm32cube.ide.mcu.externaltools.gnu-tools-for-stm32.11.3.rel1.win32_1.1.1.202309131626/tools/bin/../lib/gcc/arm-none-eabi/11.3.1/thumb/v7e-m+fp/hard\libgcc.a
LOAD D:/ST/STM32CubeIDE_1.13.2/STM32CubeIDE/plugins/com.st.stm32cube.ide.mcu.externaltools.gnu-tools-for-stm32.11.3.rel1.win32_1.1.1.202309131626/tools/bin/../lib/gcc/arm-none-eabi/11.3.1/../../../../arm-none-eabi/lib/thumb/v7e-m+fp/hard\libc_nano.a
END GROUP
START GROUP
LOAD D:/ST/STM32CubeIDE_1.13.2/STM32CubeIDE/plugins/com.st.stm32cube.ide.mcu.externaltools.gnu-tools-for-stm32.11.3.rel1.win32_1.1.1.202309131626/tools/bin/../lib/gcc/arm-none-eabi/11.3.1/thumb/v7e-m+fp/hard\libgcc.a
LOAD D:/ST/STM32CubeIDE_1.13.2/STM32CubeIDE/plugins/com.st.stm32cube.ide.mcu.externaltools.gnu-tools-for-stm32.11.3.rel1.win32_1.1.1.202309131626/tools/bin/../lib/gcc/arm-none-eabi/11.3.1/../../../../arm-none-eabi/lib/thumb/v7e-m+fp/hard\libc_nano.a
LOAD D:/ST/STM32CubeIDE_1.13.2/STM32CubeIDE/plugins/com.st.stm32cube.ide.mcu.externaltools.gnu-tools-for-stm32.11.3.rel1.win32_1.1.1.202309131626/tools/bin/../lib/gcc/arm-none-eabi/11.3.1/../../../../arm-none-eabi/lib/thumb/v7e-m+fp/hard\libnosys.a
END GROUP
START GROUP
LOAD D:/ST/STM32CubeIDE_1.13.2/STM32CubeIDE/plugins/com.st.stm32cube.ide.mcu.externaltools.gnu-tools-for-stm32.11.3.rel1.win32_1.1.1.202309131626/tools/bin/../lib/gcc/arm-none-eabi/11.3.1/thumb/v7e-m+fp/hard\libgcc.a
LOAD D:/ST/STM32CubeIDE_1.13.2/STM32CubeIDE/plugins/com.st.stm32cube.ide.mcu.externaltools.gnu-tools-for-stm32.11.3.rel1.win32_1.1.1.202309131626/tools/bin/../lib/gcc/arm-none-eabi/11.3.1/../../../../arm-none-eabi/lib/thumb/v7e-m+fp/hard\libc_nano.a
LOAD D:/ST/STM32CubeIDE_1.13.2/STM32CubeIDE/plugins/com.st.stm32cube.ide.mcu.externaltools.gnu-tools-for-stm32.11.3.rel1.win32_1.1.1.202309131626/tools/bin/../lib/gcc/arm-none-eabi/11.3.1/../../../../arm-none-eabi/lib/thumb/v7e-m+fp/hard\libnosys.a
END GROUP
LOAD D:/ST/STM32CubeIDE_1.13.2/STM32CubeIDE/plugins/com.st.stm32cube.ide.mcu.externaltools.gnu-tools-for-stm32.11.3.rel1.win32_1.1.1.202309131626/tools/bin/../lib/gcc/arm-none-eabi/11.3.1/thumb/v7e-m+fp/hard/crtend.o
LOAD D:/ST/STM32CubeIDE_1.13.2/STM32CubeIDE/plugins/com.st.stm32cube.ide.mcu.externaltools.gnu-tools-for-stm32.11.3.rel1.win32_1.1.1.202309131626/tools/bin/../lib/gcc/arm-none-eabi/11.3.1/thumb/v7e-m+fp/hard/crtn.o
                0x0000000020020000                _estack = (ORIGIN (RAM) + LENGTH (RAM))
                0x0000000000000200                _Min_Heap_Size = 0x200
                0x0000000000000400                _Min_Stack_Size = 0x400

.isr_vector     0x0000000008000000      0x1d8
                0x0000000008000000                . = ALIGN (0x4)
 *(.isr_vector)
 .isr_vector    0x0000000008000000      0x1d8 ./Core/Startup/startup_stm32g474retx.o
                0x0000000008000000                g_pfnVectors
                0x00000000080001d8                . = ALIGN (0x4)

.text           0x00000000080001d8     0x2f20
                0x00000000080001d8                . = ALIGN (0x4)
 *(.text)
 .text          0x00000000080001d8       0x40 D:/ST/STM32CubeIDE_1.13.2/STM32CubeIDE/plugins/com.st.stm32cube.ide.mcu.externaltools.gnu-tools-for-stm32.11.3.rel1.win32_1.1.1.202309131626/tools/bin/../lib/gcc/arm-none-eabi/11.3.1/thumb/v7e-m+fp/hard/crtbegin.o
 .text          0x0000000008000218       0x30 D:/ST/STM32CubeIDE_1.13.2/STM32CubeIDE/plugins/com.st.stm32cube.ide.mcu.externaltools.gnu-tools-for-stm32.11.3.rel1.win32_1.1.1.202309131626/tools/bin/../lib/gcc/arm-none-eabi/11.3.1/thumb/v7e-m+fp/hard\libgcc.a(_aeabi_uldivmod.o)
                0x0000000008000218                __aeabi_uldivmod
 .text          0x0000000008000248      0x2c8 D:/ST/STM32CubeIDE_1.13.2/STM32CubeIDE/plugins/com.st.stm32cube.ide.mcu.externaltools.gnu-tools-for-stm32.11.3.rel1.win32_1.1.1.202309131626/tools/bin/../lib/gcc/arm-none-eabi/11.3.1/thumb/v7e-m+fp/hard\libgcc.a(_udivmoddi4.o)
                0x0000000008000248                __udivmoddi4
 .text          0x0000000008000510        0x4 D:/ST/STM32CubeIDE_1.13.2/STM32CubeIDE/plugins/com.st.stm32cube.ide.mcu.externaltools.gnu-tools-for-stm32.11.3.rel1.win32_1.1.1.202309131626/tools/bin/../lib/gcc/arm-none-eabi/11.3.1/thumb/v7e-m+fp/hard\libgcc.a(_dvmd_tls.o)
                0x0000000008000510                __aeabi_idiv0
                0x0000000008000510                __aeabi_ldiv0
 *(.text*)
 .text.tx_f     0x0000000008000514       0x60 ./Core/Src/main.o
                0x0000000008000514                tx_f
 .text.main     0x0000000008000574       0xa0 ./Core/Src/main.o
                0x0000000008000574                main
 .text.SystemClock_Config
                0x0000000008000614       0xce ./Core/Src/main.o
                0x0000000008000614                SystemClock_Config
 *fill*         0x00000000080006e2        0x2 
 .text.MX_GPIO_Init
                0x00000000080006e4       0xac ./Core/Src/main.o
 .text.Error_Handler
                0x0000000008000790       0x30 ./Core/Src/main.o
                0x0000000008000790                Error_Handler
 .text.HAL_MspInit
                0x00000000080007c0       0x48 ./Core/Src/stm32g4xx_hal_msp.o
                0x00000000080007c0                HAL_MspInit
 .text.NMI_Handler
                0x0000000008000808        0x6 ./Core/Src/stm32g4xx_it.o
                0x0000000008000808                NMI_Handler
 .text.HardFault_Handler
                0x000000000800080e        0x6 ./Core/Src/stm32g4xx_it.o
                0x000000000800080e                HardFault_Handler
 .text.MemManage_Handler
                0x0000000008000814        0x6 ./Core/Src/stm32g4xx_it.o
                0x0000000008000814                MemManage_Handler
 .text.BusFault_Handler
                0x000000000800081a        0x6 ./Core/Src/stm32g4xx_it.o
                0x000000000800081a                BusFault_Handler
 .text.UsageFault_Handler
                0x0000000008000820        0x6 ./Core/Src/stm32g4xx_it.o
                0x0000000008000820                UsageFault_Handler
 .text.SVC_Handler
                0x0000000008000826        0xe ./Core/Src/stm32g4xx_it.o
                0x0000000008000826                SVC_Handler
 .text.DebugMon_Handler
                0x0000000008000834        0xe ./Core/Src/stm32g4xx_it.o
                0x0000000008000834                DebugMon_Handler
 .text.PendSV_Handler
                0x0000000008000842        0xe ./Core/Src/stm32g4xx_it.o
                0x0000000008000842                PendSV_Handler
 .text.SysTick_Handler
                0x0000000008000850        0xc ./Core/Src/stm32g4xx_it.o
                0x0000000008000850                SysTick_Handler
 .text.EXTI15_10_IRQHandler
                0x000000000800085c        0xe ./Core/Src/stm32g4xx_it.o
                0x000000000800085c                EXTI15_10_IRQHandler
 *fill*         0x000000000800086a        0x2 
 .text.SystemInit
                0x000000000800086c       0x24 ./Core/Src/system_stm32g4xx.o
                0x000000000800086c                SystemInit
 .text.Reset_Handler
                0x0000000008000890       0x50 ./Core/Startup/startup_stm32g474retx.o
                0x0000000008000890                Reset_Handler
 .text.Default_Handler
                0x00000000080008e0        0x2 ./Core/Startup/startup_stm32g474retx.o
                0x00000000080008e0                RTC_Alarm_IRQHandler
                0x00000000080008e0                EXTI2_IRQHandler
                0x00000000080008e0                TIM8_TRG_COM_IRQHandler
                0x00000000080008e0                TIM8_CC_IRQHandler
                0x00000000080008e0                HRTIM1_Master_IRQHandler
                0x00000000080008e0                SPI4_IRQHandler
                0x00000000080008e0                FDCAN3_IT0_IRQHandler
                0x00000000080008e0                TIM1_CC_IRQHandler
                0x00000000080008e0                HRTIM1_FLT_IRQHandler
                0x00000000080008e0                HRTIM1_TIMF_IRQHandler
                0x00000000080008e0                USB_HP_IRQHandler
                0x00000000080008e0                CORDIC_IRQHandler
                0x00000000080008e0                HRTIM1_TIMD_IRQHandler
                0x00000000080008e0                DMA2_Channel8_IRQHandler
                0x00000000080008e0                EXTI3_IRQHandler
                0x00000000080008e0                I2C3_ER_IRQHandler
                0x00000000080008e0                EXTI0_IRQHandler
                0x00000000080008e0                I2C2_EV_IRQHandler
                0x00000000080008e0                FPU_IRQHandler
                0x00000000080008e0                FDCAN1_IT1_IRQHandler
                0x00000000080008e0                TIM1_UP_TIM16_IRQHandler
                0x00000000080008e0                ADC1_2_IRQHandler
                0x00000000080008e0                HRTIM1_TIME_IRQHandler
                0x00000000080008e0                SPI1_IRQHandler
                0x00000000080008e0                TIM6_DAC_IRQHandler
                0x00000000080008e0                HRTIM1_TIMC_IRQHandler
                0x00000000080008e0                TIM8_UP_IRQHandler
                0x00000000080008e0                DMA2_Channel2_IRQHandler
                0x00000000080008e0                DMA1_Channel4_IRQHandler
                0x00000000080008e0                TIM20_TRG_COM_IRQHandler
                0x00000000080008e0                USART3_IRQHandler
                0x00000000080008e0                DMA1_Channel7_IRQHandler
                0x00000000080008e0                UART5_IRQHandler
                0x00000000080008e0                ADC3_IRQHandler
                0x00000000080008e0                TIM4_IRQHandler
                0x00000000080008e0                DMA2_Channel1_IRQHandler
                0x00000000080008e0                QUADSPI_IRQHandler
                0x00000000080008e0                I2C1_EV_IRQHandler
                0x00000000080008e0                DMA1_Channel6_IRQHandler
                0x00000000080008e0                UART4_IRQHandler
                0x00000000080008e0                DMA2_Channel4_IRQHandler
                0x00000000080008e0                TIM3_IRQHandler
                0x00000000080008e0                RCC_IRQHandler
                0x00000000080008e0                TIM20_UP_IRQHandler
                0x00000000080008e0                DMA1_Channel1_IRQHandler
                0x00000000080008e0                Default_Handler
                0x00000000080008e0                DMA2_Channel7_IRQHandler
                0x00000000080008e0                RTC_TAMP_LSECSS_IRQHandler
                0x00000000080008e0                FMAC_IRQHandler
                0x00000000080008e0                DMA1_Channel8_IRQHandler
                0x00000000080008e0                HRTIM1_TIMA_IRQHandler
                0x00000000080008e0                TIM7_DAC_IRQHandler
                0x00000000080008e0                FDCAN3_IT1_IRQHandler
                0x00000000080008e0                TIM5_IRQHandler
                0x00000000080008e0                UCPD1_IRQHandler
                0x00000000080008e0                I2C3_EV_IRQHandler
                0x00000000080008e0                EXTI9_5_IRQHandler
                0x00000000080008e0                RTC_WKUP_IRQHandler
                0x00000000080008e0                PVD_PVM_IRQHandler
                0x00000000080008e0                SPI2_IRQHandler
                0x00000000080008e0                ADC5_IRQHandler
                0x00000000080008e0                DMA2_Channel5_IRQHandler
                0x00000000080008e0                CRS_IRQHandler
                0x00000000080008e0                DMA1_Channel5_IRQHandler
                0x00000000080008e0                USB_LP_IRQHandler
                0x00000000080008e0                EXTI4_IRQHandler
                0x00000000080008e0                RNG_IRQHandler
                0x00000000080008e0                HRTIM1_TIMB_IRQHandler
                0x00000000080008e0                TIM1_TRG_COM_TIM17_IRQHandler
                0x00000000080008e0                FDCAN2_IT1_IRQHandler
                0x00000000080008e0                DMA1_Channel3_IRQHandler
                0x00000000080008e0                ADC4_IRQHandler
                0x00000000080008e0                WWDG_IRQHandler
                0x00000000080008e0                I2C4_EV_IRQHandler
                0x00000000080008e0                FDCAN2_IT0_IRQHandler
                0x00000000080008e0                LPUART1_IRQHandler
                0x00000000080008e0                DMA2_Channel6_IRQHandler
                0x00000000080008e0                FDCAN1_IT0_IRQHandler
                0x00000000080008e0                TIM2_IRQHandler
                0x00000000080008e0                COMP7_IRQHandler
                0x00000000080008e0                COMP1_2_3_IRQHandler
                0x00000000080008e0                EXTI1_IRQHandler
                0x00000000080008e0                USART2_IRQHandler
                0x00000000080008e0                COMP4_5_6_IRQHandler
                0x00000000080008e0                TIM20_BRK_IRQHandler
                0x00000000080008e0                I2C2_ER_IRQHandler
                0x00000000080008e0                DMA1_Channel2_IRQHandler
                0x00000000080008e0                TIM8_BRK_IRQHandler
                0x00000000080008e0                FLASH_IRQHandler
                0x00000000080008e0                TIM20_CC_IRQHandler
                0x00000000080008e0                USART1_IRQHandler
                0x00000000080008e0                SPI3_IRQHandler
                0x00000000080008e0                I2C1_ER_IRQHandler
                0x00000000080008e0                FMC_IRQHandler
                0x00000000080008e0                LPTIM1_IRQHandler
                0x00000000080008e0                DMAMUX_OVR_IRQHandler
                0x00000000080008e0                I2C4_ER_IRQHandler
                0x00000000080008e0                USBWakeUp_IRQHandler
                0x00000000080008e0                SAI1_IRQHandler
                0x00000000080008e0                DMA2_Channel3_IRQHandler
                0x00000000080008e0                TIM1_BRK_TIM15_IRQHandler
 .text.revember_check_mcu_mode
                0x00000000080008e2       0x2c ./Core/revember_logger/revEMBer.o
 *fill*         0x000000000800090e        0x2 
 .text.revember_logger_init
                0x0000000008000910       0x60 ./Core/revember_logger/revEMBer.o
                0x0000000008000910                revember_logger_init
 .text.revEMBer_transmit_bytes
                0x0000000008000970       0x34 ./Core/revember_logger/revEMBer.o
                0x0000000008000970                revEMBer_transmit_bytes
 .text.transimt_buffer_flush
                0x00000000080009a4       0xac ./Core/revember_logger/revEMBer.o
                0x00000000080009a4                transimt_buffer_flush
 .text.revEMBer_transmit_interface_active
                0x0000000008000a50       0x18 ./Core/revember_logger/revEMBer.o
                0x0000000008000a50                revEMBer_transmit_interface_active
 .text.transmission_possible
                0x0000000008000a68       0x30 ./Core/revember_logger/revEMBer.o
                0x0000000008000a68                transmission_possible
 .text.revember_finish_buffering
                0x0000000008000a98       0x58 ./Core/revember_logger/revEMBer.o
                0x0000000008000a98                revember_finish_buffering
 .text.revember_buffer_frame
                0x0000000008000af0       0xa0 ./Core/revember_logger/revEMBer.o
                0x0000000008000af0                revember_buffer_frame
 .text.revember_send_frame
                0x0000000008000b90       0x58 ./Core/revember_logger/revEMBer.o
                0x0000000008000b90                revember_send_frame
 .text.revEMBer_WSEQ
                0x0000000008000be8       0xec ./Core/revember_logger/revEMBer.o
                0x0000000008000be8                revEMBer_WSEQ
 .text.revEMBer_prepare_header_frame
                0x0000000008000cd4       0x42 ./Core/revember_logger/revEMBer.o
 *fill*         0x0000000008000d16        0x2 
 .text.buffer_init
                0x0000000008000d18       0x80 ./Core/revember_logger/revEMBer_buffer.o
                0x0000000008000d18                buffer_init
 .text.buffer_put
                0x0000000008000d98       0x74 ./Core/revember_logger/revEMBer_buffer.o
                0x0000000008000d98                buffer_put
 .text.buffer_get_size
                0x0000000008000e0c       0x18 ./Core/revember_logger/revEMBer_buffer.o
                0x0000000008000e0c                buffer_get_size
 .text.buffer_get
                0x0000000008000e24       0x70 ./Core/revember_logger/revEMBer_buffer.o
                0x0000000008000e24                buffer_get
 .text.BSP_LED_Init
                0x0000000008000e94       0x6c ./Drivers/BSP/STM32G4xx_Nucleo/stm32g4xx_nucleo.o
                0x0000000008000e94                BSP_LED_Init
 .text.BSP_PB_Init
                0x0000000008000f00       0xdc ./Drivers/BSP/STM32G4xx_Nucleo/stm32g4xx_nucleo.o
                0x0000000008000f00                BSP_PB_Init
 .text.BSP_PB_IRQHandler
                0x0000000008000fdc       0x24 ./Drivers/BSP/STM32G4xx_Nucleo/stm32g4xx_nucleo.o
                0x0000000008000fdc                BSP_PB_IRQHandler
 .text.BSP_PB_Callback
                0x0000000008001000       0x16 ./Drivers/BSP/STM32G4xx_Nucleo/stm32g4xx_nucleo.o
                0x0000000008001000                BSP_PB_Callback
 *fill*         0x0000000008001016        0x2 
 .text.BSP_COM_Init
                0x0000000008001018       0x60 ./Drivers/BSP/STM32G4xx_Nucleo/stm32g4xx_nucleo.o
                0x0000000008001018                BSP_COM_Init
 .text.MX_LPUART1_Init
                0x0000000008001078       0x64 ./Drivers/BSP/STM32G4xx_Nucleo/stm32g4xx_nucleo.o
                0x0000000008001078                MX_LPUART1_Init
 .text.BUTTON_USER_EXTI_Callback
                0x00000000080010dc        0xe ./Drivers/BSP/STM32G4xx_Nucleo/stm32g4xx_nucleo.o
 *fill*         0x00000000080010ea        0x2 
 .text.COM1_MspInit
                0x00000000080010ec       0x98 ./Drivers/BSP/STM32G4xx_Nucleo/stm32g4xx_nucleo.o
 .text.HAL_Init
                0x0000000008001184       0x30 ./Drivers/STM32G4xx_HAL_Driver/Src/stm32g4xx_hal.o
                0x0000000008001184                HAL_Init
 .text.HAL_InitTick
                0x00000000080011b4       0x74 ./Drivers/STM32G4xx_HAL_Driver/Src/stm32g4xx_hal.o
                0x00000000080011b4                HAL_InitTick
 .text.HAL_IncTick
                0x0000000008001228       0x24 ./Drivers/STM32G4xx_HAL_Driver/Src/stm32g4xx_hal.o
                0x0000000008001228                HAL_IncTick
 .text.HAL_GetTick
                0x000000000800124c       0x18 ./Drivers/STM32G4xx_HAL_Driver/Src/stm32g4xx_hal.o
                0x000000000800124c                HAL_GetTick
 .text.HAL_Delay
                0x0000000008001264       0x44 ./Drivers/STM32G4xx_HAL_Driver/Src/stm32g4xx_hal.o
                0x0000000008001264                HAL_Delay
 .text.__NVIC_SetPriorityGrouping
                0x00000000080012a8       0x48 ./Drivers/STM32G4xx_HAL_Driver/Src/stm32g4xx_hal_cortex.o
 .text.__NVIC_GetPriorityGrouping
                0x00000000080012f0       0x1c ./Drivers/STM32G4xx_HAL_Driver/Src/stm32g4xx_hal_cortex.o
 .text.__NVIC_EnableIRQ
                0x000000000800130c       0x3c ./Drivers/STM32G4xx_HAL_Driver/Src/stm32g4xx_hal_cortex.o
 .text.__NVIC_SetPriority
                0x0000000008001348       0x54 ./Drivers/STM32G4xx_HAL_Driver/Src/stm32g4xx_hal_cortex.o
 .text.NVIC_EncodePriority
                0x000000000800139c       0x66 ./Drivers/STM32G4xx_HAL_Driver/Src/stm32g4xx_hal_cortex.o
 *fill*         0x0000000008001402        0x2 
 .text.SysTick_Config
                0x0000000008001404       0x44 ./Drivers/STM32G4xx_HAL_Driver/Src/stm32g4xx_hal_cortex.o
 .text.HAL_NVIC_SetPriorityGrouping
                0x0000000008001448       0x16 ./Drivers/STM32G4xx_HAL_Driver/Src/stm32g4xx_hal_cortex.o
                0x0000000008001448                HAL_NVIC_SetPriorityGrouping
 .text.HAL_NVIC_SetPriority
                0x000000000800145e       0x34 ./Drivers/STM32G4xx_HAL_Driver/Src/stm32g4xx_hal_cortex.o
                0x000000000800145e                HAL_NVIC_SetPriority
 .text.HAL_NVIC_EnableIRQ
                0x0000000008001492       0x1c ./Drivers/STM32G4xx_HAL_Driver/Src/stm32g4xx_hal_cortex.o
                0x0000000008001492                HAL_NVIC_EnableIRQ
 .text.HAL_SYSTICK_Config
                0x00000000080014ae       0x18 ./Drivers/STM32G4xx_HAL_Driver/Src/stm32g4xx_hal_cortex.o
                0x00000000080014ae                HAL_SYSTICK_Config
 .text.HAL_EXTI_RegisterCallback
                0x00000000080014c6       0x3a ./Drivers/STM32G4xx_HAL_Driver/Src/stm32g4xx_hal_exti.o
                0x00000000080014c6                HAL_EXTI_RegisterCallback
 .text.HAL_EXTI_GetHandle
                0x0000000008001500       0x28 ./Drivers/STM32G4xx_HAL_Driver/Src/stm32g4xx_hal_exti.o
                0x0000000008001500                HAL_EXTI_GetHandle
 .text.HAL_EXTI_IRQHandler
                0x0000000008001528       0x60 ./Drivers/STM32G4xx_HAL_Driver/Src/stm32g4xx_hal_exti.o
                0x0000000008001528                HAL_EXTI_IRQHandler
 .text.HAL_GPIO_Init
                0x0000000008001588      0x304 ./Drivers/STM32G4xx_HAL_Driver/Src/stm32g4xx_hal_gpio.o
                0x0000000008001588                HAL_GPIO_Init
 .text.HAL_GPIO_WritePin
                0x000000000800188c       0x30 ./Drivers/STM32G4xx_HAL_Driver/Src/stm32g4xx_hal_gpio.o
                0x000000000800188c                HAL_GPIO_WritePin
 .text.HAL_PWREx_ControlVoltageScaling
                0x00000000080018bc      0x148 ./Drivers/STM32G4xx_HAL_Driver/Src/stm32g4xx_hal_pwr_ex.o
                0x00000000080018bc                HAL_PWREx_ControlVoltageScaling
 .text.HAL_PWREx_DisableUCPDDeadBattery
                0x0000000008001a04       0x20 ./Drivers/STM32G4xx_HAL_Driver/Src/stm32g4xx_hal_pwr_ex.o
                0x0000000008001a04                HAL_PWREx_DisableUCPDDeadBattery
 .text.HAL_RCC_OscConfig
                0x0000000008001a24      0x624 ./Drivers/STM32G4xx_HAL_Driver/Src/stm32g4xx_hal_rcc.o
                0x0000000008001a24                HAL_RCC_OscConfig
 .text.HAL_RCC_ClockConfig
                0x0000000008002048      0x278 ./Drivers/STM32G4xx_HAL_Driver/Src/stm32g4xx_hal_rcc.o
                0x0000000008002048                HAL_RCC_ClockConfig
 .text.HAL_RCC_GetSysClockFreq
                0x00000000080022c0       0xc4 ./Drivers/STM32G4xx_HAL_Driver/Src/stm32g4xx_hal_rcc.o
                0x00000000080022c0                HAL_RCC_GetSysClockFreq
 .text.HAL_RCC_GetHCLKFreq
                0x0000000008002384       0x18 ./Drivers/STM32G4xx_HAL_Driver/Src/stm32g4xx_hal_rcc.o
                0x0000000008002384                HAL_RCC_GetHCLKFreq
 .text.HAL_RCC_GetPCLK1Freq
                0x000000000800239c       0x2c ./Drivers/STM32G4xx_HAL_Driver/Src/stm32g4xx_hal_rcc.o
                0x000000000800239c                HAL_RCC_GetPCLK1Freq
 .text.HAL_RCC_GetPCLK2Freq
                0x00000000080023c8       0x2c ./Drivers/STM32G4xx_HAL_Driver/Src/stm32g4xx_hal_rcc.o
                0x00000000080023c8                HAL_RCC_GetPCLK2Freq
 .text.RCC_GetSysClockFreqFromPLLSource
                0x00000000080023f4       0x8c ./Drivers/STM32G4xx_HAL_Driver/Src/stm32g4xx_hal_rcc.o
 .text.HAL_UART_Init
                0x0000000008002480       0xa0 ./Drivers/STM32G4xx_HAL_Driver/Src/stm32g4xx_hal_uart.o
                0x0000000008002480                HAL_UART_Init
 .text.HAL_UART_MspInit
                0x0000000008002520       0x14 ./Drivers/STM32G4xx_HAL_Driver/Src/stm32g4xx_hal_uart.o
                0x0000000008002520                HAL_UART_MspInit
 .text.HAL_UART_Transmit
                0x0000000008002534      0x11c ./Drivers/STM32G4xx_HAL_Driver/Src/stm32g4xx_hal_uart.o
                0x0000000008002534                HAL_UART_Transmit
 .text.UART_SetConfig
                0x0000000008002650      0x5f8 ./Drivers/STM32G4xx_HAL_Driver/Src/stm32g4xx_hal_uart.o
                0x0000000008002650                UART_SetConfig
 .text.UART_AdvFeatureConfig
                0x0000000008002c48      0x144 ./Drivers/STM32G4xx_HAL_Driver/Src/stm32g4xx_hal_uart.o
                0x0000000008002c48                UART_AdvFeatureConfig
 .text.UART_CheckIdleState
                0x0000000008002d8c      0x154 ./Drivers/STM32G4xx_HAL_Driver/Src/stm32g4xx_hal_uart.o
                0x0000000008002d8c                UART_CheckIdleState
 .text.UART_WaitOnFlagUntilTimeout
                0x0000000008002ee0       0xda ./Drivers/STM32G4xx_HAL_Driver/Src/stm32g4xx_hal_uart.o
                0x0000000008002ee0                UART_WaitOnFlagUntilTimeout
 .text.UART_EndRxTransfer
                0x0000000008002fba       0xcc ./Drivers/STM32G4xx_HAL_Driver/Src/stm32g4xx_hal_uart.o
 .text.memset   0x0000000008003086       0x10 D:/ST/STM32CubeIDE_1.13.2/STM32CubeIDE/plugins/com.st.stm32cube.ide.mcu.externaltools.gnu-tools-for-stm32.11.3.rel1.win32_1.1.1.202309131626/tools/bin/../lib/gcc/arm-none-eabi/11.3.1/../../../../arm-none-eabi/lib/thumb/v7e-m+fp/hard\libc_nano.a(libc_a-memset.o)
                0x0000000008003086                memset
 *fill*         0x0000000008003096        0x2 
 .text.__libc_init_array
                0x0000000008003098       0x48 D:/ST/STM32CubeIDE_1.13.2/STM32CubeIDE/plugins/com.st.stm32cube.ide.mcu.externaltools.gnu-tools-for-stm32.11.3.rel1.win32_1.1.1.202309131626/tools/bin/../lib/gcc/arm-none-eabi/11.3.1/../../../../arm-none-eabi/lib/thumb/v7e-m+fp/hard\libc_nano.a(libc_a-init.o)
                0x0000000008003098                __libc_init_array
 *(.glue_7)
 .glue_7        0x00000000080030e0        0x0 linker stubs
 *(.glue_7t)
 .glue_7t       0x00000000080030e0        0x0 linker stubs
 *(.eh_frame)
 .eh_frame      0x00000000080030e0        0x0 D:/ST/STM32CubeIDE_1.13.2/STM32CubeIDE/plugins/com.st.stm32cube.ide.mcu.externaltools.gnu-tools-for-stm32.11.3.rel1.win32_1.1.1.202309131626/tools/bin/../lib/gcc/arm-none-eabi/11.3.1/thumb/v7e-m+fp/hard/crtbegin.o
 *(.init)
 .init          0x00000000080030e0        0x4 D:/ST/STM32CubeIDE_1.13.2/STM32CubeIDE/plugins/com.st.stm32cube.ide.mcu.externaltools.gnu-tools-for-stm32.11.3.rel1.win32_1.1.1.202309131626/tools/bin/../lib/gcc/arm-none-eabi/11.3.1/thumb/v7e-m+fp/hard/crti.o
                0x00000000080030e0                _init
 .init          0x00000000080030e4        0x8 D:/ST/STM32CubeIDE_1.13.2/STM32CubeIDE/plugins/com.st.stm32cube.ide.mcu.externaltools.gnu-tools-for-stm32.11.3.rel1.win32_1.1.1.202309131626/tools/bin/../lib/gcc/arm-none-eabi/11.3.1/thumb/v7e-m+fp/hard/crtn.o
 *(.fini)
 .fini          0x00000000080030ec        0x4 D:/ST/STM32CubeIDE_1.13.2/STM32CubeIDE/plugins/com.st.stm32cube.ide.mcu.externaltools.gnu-tools-for-stm32.11.3.rel1.win32_1.1.1.202309131626/tools/bin/../lib/gcc/arm-none-eabi/11.3.1/thumb/v7e-m+fp/hard/crti.o
                0x00000000080030ec                _fini
 .fini          0x00000000080030f0        0x8 D:/ST/STM32CubeIDE_1.13.2/STM32CubeIDE/plugins/com.st.stm32cube.ide.mcu.externaltools.gnu-tools-for-stm32.11.3.rel1.win32_1.1.1.202309131626/tools/bin/../lib/gcc/arm-none-eabi/11.3.1/thumb/v7e-m+fp/hard/crtn.o
                0x00000000080030f8                . = ALIGN (0x4)
                0x00000000080030f8                _etext = .

.vfp11_veneer   0x00000000080030f8        0x0
 .vfp11_veneer  0x00000000080030f8        0x0 linker stubs

.v4_bx          0x00000000080030f8        0x0
 .v4_bx         0x00000000080030f8        0x0 linker stubs

.iplt           0x00000000080030f8        0x0
 .iplt          0x00000000080030f8        0x0 D:/ST/STM32CubeIDE_1.13.2/STM32CubeIDE/plugins/com.st.stm32cube.ide.mcu.externaltools.gnu-tools-for-stm32.11.3.rel1.win32_1.1.1.202309131626/tools/bin/../lib/gcc/arm-none-eabi/11.3.1/thumb/v7e-m+fp/hard/crtbegin.o

.rodata         0x00000000080030f8       0x34
                0x00000000080030f8                . = ALIGN (0x4)
 *(.rodata)
 *(.rodata*)
 .rodata.AHBPrescTable
                0x00000000080030f8       0x10 ./Core/Src/system_stm32g4xx.o
                0x00000000080030f8                AHBPrescTable
 .rodata.APBPrescTable
                0x0000000008003108        0x8 ./Core/Src/system_stm32g4xx.o
                0x0000000008003108                APBPrescTable
 .rodata.BUTTON_EXTI_LINE.2
                0x0000000008003110        0x4 ./Drivers/BSP/STM32G4xx_Nucleo/stm32g4xx_nucleo.o
 .rodata.UARTPrescTable
                0x0000000008003114       0x18 ./Drivers/STM32G4xx_HAL_Driver/Src/stm32g4xx_hal_uart.o
                0x0000000008003114                UARTPrescTable
                0x000000000800312c                . = ALIGN (0x4)

.ARM.extab      0x000000000800312c        0x0
                0x000000000800312c                . = ALIGN (0x4)
 *(.ARM.extab* .gnu.linkonce.armextab.*)
                0x000000000800312c                . = ALIGN (0x4)

.ARM            0x000000000800312c        0x8
                0x000000000800312c                . = ALIGN (0x4)
                0x000000000800312c                __exidx_start = .
 *(.ARM.exidx*)
 .ARM.exidx     0x000000000800312c        0x8 D:/ST/STM32CubeIDE_1.13.2/STM32CubeIDE/plugins/com.st.stm32cube.ide.mcu.externaltools.gnu-tools-for-stm32.11.3.rel1.win32_1.1.1.202309131626/tools/bin/../lib/gcc/arm-none-eabi/11.3.1/thumb/v7e-m+fp/hard\libgcc.a(_udivmoddi4.o)
                0x0000000008003134                __exidx_end = .
                0x0000000008003134                . = ALIGN (0x4)

.preinit_array  0x0000000008003134        0x0
                0x0000000008003134                . = ALIGN (0x4)
                0x0000000008003134                PROVIDE (__preinit_array_start = .)
 *(.preinit_array*)
                0x0000000008003134                PROVIDE (__preinit_array_end = .)
                0x0000000008003134                . = ALIGN (0x4)

.init_array     0x0000000008003134        0x4
                0x0000000008003134                . = ALIGN (0x4)
                0x0000000008003134                PROVIDE (__init_array_start = .)
 *(SORT_BY_NAME(.init_array.*))
 *(.init_array*)
 .init_array    0x0000000008003134        0x4 D:/ST/STM32CubeIDE_1.13.2/STM32CubeIDE/plugins/com.st.stm32cube.ide.mcu.externaltools.gnu-tools-for-stm32.11.3.rel1.win32_1.1.1.202309131626/tools/bin/../lib/gcc/arm-none-eabi/11.3.1/thumb/v7e-m+fp/hard/crtbegin.o
                0x0000000008003138                PROVIDE (__init_array_end = .)
                0x0000000008003138                . = ALIGN (0x4)

.fini_array     0x0000000008003138        0x4
                0x0000000008003138                . = ALIGN (0x4)
                [!provide]                        PROVIDE (__fini_array_start = .)
 *(SORT_BY_NAME(.fini_array.*))
 *(.fini_array*)
 .fini_array    0x0000000008003138        0x4 D:/ST/STM32CubeIDE_1.13.2/STM32CubeIDE/plugins/com.st.stm32cube.ide.mcu.externaltools.gnu-tools-for-stm32.11.3.rel1.win32_1.1.1.202309131626/tools/bin/../lib/gcc/arm-none-eabi/11.3.1/thumb/v7e-m+fp/hard/crtbegin.o
                [!provide]                        PROVIDE (__fini_array_end = .)
                0x000000000800313c                . = ALIGN (0x4)
                0x000000000800313c                _sidata = LOADADDR (.data)

.rel.dyn        0x000000000800313c        0x0
 .rel.iplt      0x000000000800313c        0x0 D:/ST/STM32CubeIDE_1.13.2/STM32CubeIDE/plugins/com.st.stm32cube.ide.mcu.externaltools.gnu-tools-for-stm32.11.3.rel1.win32_1.1.1.202309131626/tools/bin/../lib/gcc/arm-none-eabi/11.3.1/thumb/v7e-m+fp/hard/crtbegin.o

.data           0x0000000020000000       0x24 load address 0x000000000800313c
                0x0000000020000000                . = ALIGN (0x4)
                0x0000000020000000                _sdata = .
 *(.data)
 *(.data*)
 .data.SystemCoreClock
                0x0000000020000000        0x4 ./Core/Src/system_stm32g4xx.o
                0x0000000020000000                SystemCoreClock
 .data.revember_logger_status
                0x0000000020000004        0x1 ./Core/revember_logger/revEMBer.o
 .data.transmit_interface_status
                0x0000000020000005        0x1 ./Core/revember_logger/revEMBer.o
 *fill*         0x0000000020000006        0x2 
 .data.LED_PORT
                0x0000000020000008        0x4 ./Drivers/BSP/STM32G4xx_Nucleo/stm32g4xx_nucleo.o
 .data.BUTTON_PORT
                0x000000002000000c        0x4 ./Drivers/BSP/STM32G4xx_Nucleo/stm32g4xx_nucleo.o
 .data.COM_USART
                0x0000000020000010        0x4 ./Drivers/BSP/STM32G4xx_Nucleo/stm32g4xx_nucleo.o
 .data.ButtonCallback.1
                0x0000000020000014        0x4 ./Drivers/BSP/STM32G4xx_Nucleo/stm32g4xx_nucleo.o
 .data.BSP_BUTTON_PRIO.0
                0x0000000020000018        0x4 ./Drivers/BSP/STM32G4xx_Nucleo/stm32g4xx_nucleo.o
 .data.uwTickPrio
                0x000000002000001c        0x4 ./Drivers/STM32G4xx_HAL_Driver/Src/stm32g4xx_hal.o
                0x000000002000001c                uwTickPrio
 .data.uwTickFreq
                0x0000000020000020        0x4 ./Drivers/STM32G4xx_HAL_Driver/Src/stm32g4xx_hal.o
                0x0000000020000020                uwTickFreq
 *(.RamFunc)
 *(.RamFunc*)
                0x0000000020000024                . = ALIGN (0x4)
                0x0000000020000024                _edata = .

.igot.plt       0x0000000020000024        0x0 load address 0x0000000008003160
 .igot.plt      0x0000000020000024        0x0 D:/ST/STM32CubeIDE_1.13.2/STM32CubeIDE/plugins/com.st.stm32cube.ide.mcu.externaltools.gnu-tools-for-stm32.11.3.rel1.win32_1.1.1.202309131626/tools/bin/../lib/gcc/arm-none-eabi/11.3.1/thumb/v7e-m+fp/hard/crtbegin.o
                0x0000000020000024                . = ALIGN (0x4)

.bss            0x0000000020000024      0x8f4 load address 0x0000000008003160
                0x0000000020000024                _sbss = .
                0x0000000020000024                __bss_start__ = _sbss
 *(.bss)
 .bss           0x0000000020000024       0x1c D:/ST/STM32CubeIDE_1.13.2/STM32CubeIDE/plugins/com.st.stm32cube.ide.mcu.externaltools.gnu-tools-for-stm32.11.3.rel1.win32_1.1.1.202309131626/tools/bin/../lib/gcc/arm-none-eabi/11.3.1/thumb/v7e-m+fp/hard/crtbegin.o
 *(.bss*)
 .bss.BspCOMInit
                0x0000000020000040       0x10 ./Core/Src/main.o
                0x0000000020000040                BspCOMInit
 .bss.data_buffer
                0x0000000020000050        0x4 ./Core/revember_logger/revEMBer.o
 .bss.header_buffer
                0x0000000020000054        0x4 ./Core/revember_logger/revEMBer.o
 .bss.logging_tx_fun
                0x0000000020000058        0x4 ./Core/revember_logger/revEMBer.o
 .bss.last_scenario_id
                0x000000002000005c        0x2 ./Core/revember_logger/revEMBer.o
 .bss.last_msg_type
                0x000000002000005e        0x2 ./Core/revember_logger/revEMBer.o
 .bss.last_size
                0x0000000020000060        0x2 ./Core/revember_logger/revEMBer.o
 *fill*         0x0000000020000062        0x2 
 .bss.buffer_array
                0x0000000020000064      0x800 ./Core/revember_logger/revEMBer_buffer.o
 .bss.my_buffer
                0x0000000020000864       0x10 ./Core/revember_logger/revEMBer_buffer.o
 .bss.allocated_buffer_count
                0x0000000020000874        0x1 ./Core/revember_logger/revEMBer_buffer.o
 *fill*         0x0000000020000875        0x3 
 .bss.hpb_exti  0x0000000020000878        0x8 ./Drivers/BSP/STM32G4xx_Nucleo/stm32g4xx_nucleo.o
                0x0000000020000878                hpb_exti
 .bss.hcom_uart
                0x0000000020000880       0x94 ./Drivers/BSP/STM32G4xx_Nucleo/stm32g4xx_nucleo.o
                0x0000000020000880                hcom_uart
 .bss.uwTick    0x0000000020000914        0x4 ./Drivers/STM32G4xx_HAL_Driver/Src/stm32g4xx_hal.o
                0x0000000020000914                uwTick
 *(COMMON)
                0x0000000020000918                . = ALIGN (0x4)
                0x0000000020000918                _ebss = .
                0x0000000020000918                __bss_end__ = _ebss

._user_heap_stack
                0x0000000020000918      0x600 load address 0x0000000008003160
                0x0000000020000918                . = ALIGN (0x8)
                [!provide]                        PROVIDE (end = .)
                0x0000000020000918                PROVIDE (_end = .)
                0x0000000020000b18                . = (. + _Min_Heap_Size)
 *fill*         0x0000000020000918      0x200 
                0x0000000020000f18                . = (. + _Min_Stack_Size)
 *fill*         0x0000000020000b18      0x400 
                0x0000000020000f18                . = ALIGN (0x8)

/DISCARD/
 libc.a(*)
 libm.a(*)
 libgcc.a(*)

.ARM.attributes
                0x0000000000000000       0x30
 *(.ARM.attributes)
 .ARM.attributes
                0x0000000000000000       0x1e D:/ST/STM32CubeIDE_1.13.2/STM32CubeIDE/plugins/com.st.stm32cube.ide.mcu.externaltools.gnu-tools-for-stm32.11.3.rel1.win32_1.1.1.202309131626/tools/bin/../lib/gcc/arm-none-eabi/11.3.1/thumb/v7e-m+fp/hard/crti.o
 .ARM.attributes
                0x000000000000001e       0x34 D:/ST/STM32CubeIDE_1.13.2/STM32CubeIDE/plugins/com.st.stm32cube.ide.mcu.externaltools.gnu-tools-for-stm32.11.3.rel1.win32_1.1.1.202309131626/tools/bin/../lib/gcc/arm-none-eabi/11.3.1/thumb/v7e-m+fp/hard/crtbegin.o
 .ARM.attributes
                0x0000000000000052       0x34 ./Core/Src/main.o
 .ARM.attributes
                0x0000000000000086       0x34 ./Core/Src/stm32g4xx_hal_msp.o
 .ARM.attributes
                0x00000000000000ba       0x34 ./Core/Src/stm32g4xx_it.o
 .ARM.attributes
                0x00000000000000ee       0x34 ./Core/Src/system_stm32g4xx.o
 .ARM.attributes
                0x0000000000000122       0x21 ./Core/Startup/startup_stm32g474retx.o
 .ARM.attributes
                0x0000000000000143       0x34 ./Core/revember_logger/revEMBer.o
 .ARM.attributes
                0x0000000000000177       0x34 ./Core/revember_logger/revEMBer_buffer.o
 .ARM.attributes
                0x00000000000001ab       0x34 ./Drivers/BSP/STM32G4xx_Nucleo/stm32g4xx_nucleo.o
 .ARM.attributes
                0x00000000000001df       0x34 ./Drivers/STM32G4xx_HAL_Driver/Src/stm32g4xx_hal.o
 .ARM.attributes
                0x0000000000000213       0x34 ./Drivers/STM32G4xx_HAL_Driver/Src/stm32g4xx_hal_cortex.o
 .ARM.attributes
                0x0000000000000247       0x34 ./Drivers/STM32G4xx_HAL_Driver/Src/stm32g4xx_hal_exti.o
 .ARM.attributes
                0x000000000000027b       0x34 ./Drivers/STM32G4xx_HAL_Driver/Src/stm32g4xx_hal_gpio.o
 .ARM.attributes
                0x00000000000002af       0x34 ./Drivers/STM32G4xx_HAL_Driver/Src/stm32g4xx_hal_pwr_ex.o
 .ARM.attributes
                0x00000000000002e3       0x34 ./Drivers/STM32G4xx_HAL_Driver/Src/stm32g4xx_hal_rcc.o
 .ARM.attributes
                0x0000000000000317       0x34 ./Drivers/STM32G4xx_HAL_Driver/Src/stm32g4xx_hal_uart.o
 .ARM.attributes
                0x000000000000034b       0x34 D:/ST/STM32CubeIDE_1.13.2/STM32CubeIDE/plugins/com.st.stm32cube.ide.mcu.externaltools.gnu-tools-for-stm32.11.3.rel1.win32_1.1.1.202309131626/tools/bin/../lib/gcc/arm-none-eabi/11.3.1/../../../../arm-none-eabi/lib/thumb/v7e-m+fp/hard\libc_nano.a(libc_a-memset.o)
 .ARM.attributes
                0x000000000000037f       0x34 D:/ST/STM32CubeIDE_1.13.2/STM32CubeIDE/plugins/com.st.stm32cube.ide.mcu.externaltools.gnu-tools-for-stm32.11.3.rel1.win32_1.1.1.202309131626/tools/bin/../lib/gcc/arm-none-eabi/11.3.1/../../../../arm-none-eabi/lib/thumb/v7e-m+fp/hard\libc_nano.a(libc_a-init.o)
 .ARM.attributes
                0x00000000000003b3       0x1e D:/ST/STM32CubeIDE_1.13.2/STM32CubeIDE/plugins/com.st.stm32cube.ide.mcu.externaltools.gnu-tools-for-stm32.11.3.rel1.win32_1.1.1.202309131626/tools/bin/../lib/gcc/arm-none-eabi/11.3.1/thumb/v7e-m+fp/hard\libgcc.a(_aeabi_uldivmod.o)
 .ARM.attributes
                0x00000000000003d1       0x34 D:/ST/STM32CubeIDE_1.13.2/STM32CubeIDE/plugins/com.st.stm32cube.ide.mcu.externaltools.gnu-tools-for-stm32.11.3.rel1.win32_1.1.1.202309131626/tools/bin/../lib/gcc/arm-none-eabi/11.3.1/thumb/v7e-m+fp/hard\libgcc.a(_udivmoddi4.o)
 .ARM.attributes
                0x0000000000000405       0x1e D:/ST/STM32CubeIDE_1.13.2/STM32CubeIDE/plugins/com.st.stm32cube.ide.mcu.externaltools.gnu-tools-for-stm32.11.3.rel1.win32_1.1.1.202309131626/tools/bin/../lib/gcc/arm-none-eabi/11.3.1/thumb/v7e-m+fp/hard\libgcc.a(_dvmd_tls.o)
 .ARM.attributes
                0x0000000000000423       0x1e D:/ST/STM32CubeIDE_1.13.2/STM32CubeIDE/plugins/com.st.stm32cube.ide.mcu.externaltools.gnu-tools-for-stm32.11.3.rel1.win32_1.1.1.202309131626/tools/bin/../lib/gcc/arm-none-eabi/11.3.1/thumb/v7e-m+fp/hard/crtn.o
OUTPUT(uart_transmit_bitstream.elf elf32-littlearm)
LOAD linker stubs
LOAD D:/ST/STM32CubeIDE_1.13.2/STM32CubeIDE/plugins/com.st.stm32cube.ide.mcu.externaltools.gnu-tools-for-stm32.11.3.rel1.win32_1.1.1.202309131626/tools/bin/../lib/gcc/arm-none-eabi/11.3.1/../../../../arm-none-eabi/lib/thumb/v7e-m+fp/hard\libc.a
LOAD D:/ST/STM32CubeIDE_1.13.2/STM32CubeIDE/plugins/com.st.stm32cube.ide.mcu.externaltools.gnu-tools-for-stm32.11.3.rel1.win32_1.1.1.202309131626/tools/bin/../lib/gcc/arm-none-eabi/11.3.1/../../../../arm-none-eabi/lib/thumb/v7e-m+fp/hard\libm.a
LOAD D:/ST/STM32CubeIDE_1.13.2/STM32CubeIDE/plugins/com.st.stm32cube.ide.mcu.externaltools.gnu-tools-for-stm32.11.3.rel1.win32_1.1.1.202309131626/tools/bin/../lib/gcc/arm-none-eabi/11.3.1/thumb/v7e-m+fp/hard\libgcc.a

.comment        0x0000000000000000       0x43
 .comment       0x0000000000000000       0x43 D:/ST/STM32CubeIDE_1.13.2/STM32CubeIDE/plugins/com.st.stm32cube.ide.mcu.externaltools.gnu-tools-for-stm32.11.3.rel1.win32_1.1.1.202309131626/tools/bin/../lib/gcc/arm-none-eabi/11.3.1/thumb/v7e-m+fp/hard/crtbegin.o
                                         0x44 (size before relaxing)
 .comment       0x0000000000000043       0x44 ./Core/Src/main.o
 .comment       0x0000000000000043       0x44 ./Core/Src/stm32g4xx_hal_msp.o
 .comment       0x0000000000000043       0x44 ./Core/Src/stm32g4xx_it.o
 .comment       0x0000000000000043       0x44 ./Core/Src/system_stm32g4xx.o
 .comment       0x0000000000000043       0x44 ./Core/revember_logger/revEMBer.o
 .comment       0x0000000000000043       0x44 ./Core/revember_logger/revEMBer_buffer.o
 .comment       0x0000000000000043       0x44 ./Drivers/BSP/STM32G4xx_Nucleo/stm32g4xx_nucleo.o
 .comment       0x0000000000000043       0x44 ./Drivers/STM32G4xx_HAL_Driver/Src/stm32g4xx_hal.o
 .comment       0x0000000000000043       0x44 ./Drivers/STM32G4xx_HAL_Driver/Src/stm32g4xx_hal_cortex.o
 .comment       0x0000000000000043       0x44 ./Drivers/STM32G4xx_HAL_Driver/Src/stm32g4xx_hal_exti.o
 .comment       0x0000000000000043       0x44 ./Drivers/STM32G4xx_HAL_Driver/Src/stm32g4xx_hal_gpio.o
 .comment       0x0000000000000043       0x44 ./Drivers/STM32G4xx_HAL_Driver/Src/stm32g4xx_hal_pwr_ex.o
 .comment       0x0000000000000043       0x44 ./Drivers/STM32G4xx_HAL_Driver/Src/stm32g4xx_hal_rcc.o
 .comment       0x0000000000000043       0x44 ./Drivers/STM32G4xx_HAL_Driver/Src/stm32g4xx_hal_uart.o

.debug_info     0x0000000000000000     0xc0ed
 .debug_info    0x0000000000000000     0x1150 ./Core/Src/main.o
 .debug_info    0x0000000000001150      0x2e1 ./Core/Src/stm32g4xx_hal_msp.o
 .debug_info    0x0000000000001431      0x162 ./Core/Src/stm32g4xx_it.o
 .debug_info    0x0000000000001593      0x58e ./Core/Src/system_stm32g4xx.o
 .debug_info    0x0000000000001b21       0x23 ./Core/Startup/startup_stm32g474retx.o
 .debug_info    0x0000000000001b44      0x700 ./Core/revember_logger/revEMBer.o
 .debug_info    0x0000000000002244      0x2f4 ./Core/revember_logger/revEMBer_buffer.o
 .debug_info    0x0000000000002538     0x174a ./Drivers/BSP/STM32G4xx_Nucleo/stm32g4xx_nucleo.o
 .debug_info    0x0000000000003c82      0xb95 ./Drivers/STM32G4xx_HAL_Driver/Src/stm32g4xx_hal.o
 .debug_info    0x0000000000004817      0xdf9 ./Drivers/STM32G4xx_HAL_Driver/Src/stm32g4xx_hal_cortex.o
 .debug_info    0x0000000000005610      0x63d ./Drivers/STM32G4xx_HAL_Driver/Src/stm32g4xx_hal_exti.o
 .debug_info    0x0000000000005c4d      0x763 ./Drivers/STM32G4xx_HAL_Driver/Src/stm32g4xx_hal_gpio.o
 .debug_info    0x00000000000063b0      0x93f ./Drivers/STM32G4xx_HAL_Driver/Src/stm32g4xx_hal_pwr_ex.o
 .debug_info    0x0000000000006cef      0xbe0 ./Drivers/STM32G4xx_HAL_Driver/Src/stm32g4xx_hal_rcc.o
 .debug_info    0x00000000000078cf     0x481e ./Drivers/STM32G4xx_HAL_Driver/Src/stm32g4xx_hal_uart.o

.debug_abbrev   0x0000000000000000     0x1c87
 .debug_abbrev  0x0000000000000000      0x2a6 ./Core/Src/main.o
 .debug_abbrev  0x00000000000002a6       0xd9 ./Core/Src/stm32g4xx_hal_msp.o
 .debug_abbrev  0x000000000000037f       0xbc ./Core/Src/stm32g4xx_it.o
 .debug_abbrev  0x000000000000043b      0x11a ./Core/Src/system_stm32g4xx.o
 .debug_abbrev  0x0000000000000555       0x12 ./Core/Startup/startup_stm32g474retx.o
 .debug_abbrev  0x0000000000000567      0x22d ./Core/revember_logger/revEMBer.o
 .debug_abbrev  0x0000000000000794       0xff ./Core/revember_logger/revEMBer_buffer.o
 .debug_abbrev  0x0000000000000893      0x2fb ./Drivers/BSP/STM32G4xx_Nucleo/stm32g4xx_nucleo.o
 .debug_abbrev  0x0000000000000b8e      0x271 ./Drivers/STM32G4xx_HAL_Driver/Src/stm32g4xx_hal.o
 .debug_abbrev  0x0000000000000dff      0x31c ./Drivers/STM32G4xx_HAL_Driver/Src/stm32g4xx_hal_cortex.o
 .debug_abbrev  0x000000000000111b      0x1a8 ./Drivers/STM32G4xx_HAL_Driver/Src/stm32g4xx_hal_exti.o
 .debug_abbrev  0x00000000000012c3      0x1cb ./Drivers/STM32G4xx_HAL_Driver/Src/stm32g4xx_hal_gpio.o
 .debug_abbrev  0x000000000000148e      0x22c ./Drivers/STM32G4xx_HAL_Driver/Src/stm32g4xx_hal_pwr_ex.o
 .debug_abbrev  0x00000000000016ba      0x2c9 ./Drivers/STM32G4xx_HAL_Driver/Src/stm32g4xx_hal_rcc.o
 .debug_abbrev  0x0000000000001983      0x304 ./Drivers/STM32G4xx_HAL_Driver/Src/stm32g4xx_hal_uart.o

.debug_aranges  0x0000000000000000      0x9e8
 .debug_aranges
                0x0000000000000000       0x40 ./Core/Src/main.o
 .debug_aranges
                0x0000000000000040       0x20 ./Core/Src/stm32g4xx_hal_msp.o
 .debug_aranges
                0x0000000000000060       0x68 ./Core/Src/stm32g4xx_it.o
 .debug_aranges
                0x00000000000000c8       0x28 ./Core/Src/system_stm32g4xx.o
 .debug_aranges
                0x00000000000000f0       0x28 ./Core/Startup/startup_stm32g474retx.o
 .debug_aranges
                0x0000000000000118       0x80 ./Core/revember_logger/revEMBer.o
 .debug_aranges
                0x0000000000000198       0x40 ./Core/revember_logger/revEMBer_buffer.o
 .debug_aranges
                0x00000000000001d8       0xc8 ./Drivers/BSP/STM32G4xx_Nucleo/stm32g4xx_nucleo.o
 .debug_aranges
                0x00000000000002a0      0x148 ./Drivers/STM32G4xx_HAL_Driver/Src/stm32g4xx_hal.o
 .debug_aranges
                0x00000000000003e8      0x128 ./Drivers/STM32G4xx_HAL_Driver/Src/stm32g4xx_hal_cortex.o
 .debug_aranges
                0x0000000000000510       0x60 ./Drivers/STM32G4xx_HAL_Driver/Src/stm32g4xx_hal_exti.o
 .debug_aranges
                0x0000000000000570       0x58 ./Drivers/STM32G4xx_HAL_Driver/Src/stm32g4xx_hal_gpio.o
 .debug_aranges
                0x00000000000005c8      0x140 ./Drivers/STM32G4xx_HAL_Driver/Src/stm32g4xx_hal_pwr_ex.o
 .debug_aranges
                0x0000000000000708       0x98 ./Drivers/STM32G4xx_HAL_Driver/Src/stm32g4xx_hal_rcc.o
 .debug_aranges
                0x00000000000007a0      0x248 ./Drivers/STM32G4xx_HAL_Driver/Src/stm32g4xx_hal_uart.o

.debug_rnglists
                0x0000000000000000      0x789
 .debug_rnglists
                0x0000000000000000       0x2e ./Core/Src/main.o
 .debug_rnglists
                0x000000000000002e       0x13 ./Core/Src/stm32g4xx_hal_msp.o
 .debug_rnglists
                0x0000000000000041       0x49 ./Core/Src/stm32g4xx_it.o
 .debug_rnglists
                0x000000000000008a       0x1a ./Core/Src/system_stm32g4xx.o
 .debug_rnglists
                0x00000000000000a4       0x19 ./Core/Startup/startup_stm32g474retx.o
 .debug_rnglists
                0x00000000000000bd       0x5e ./Core/revember_logger/revEMBer.o
 .debug_rnglists
                0x000000000000011b       0x2c ./Core/revember_logger/revEMBer_buffer.o
 .debug_rnglists
                0x0000000000000147       0x93 ./Drivers/BSP/STM32G4xx_Nucleo/stm32g4xx_nucleo.o
 .debug_rnglists
                0x00000000000001da       0xf1 ./Drivers/STM32G4xx_HAL_Driver/Src/stm32g4xx_hal.o
 .debug_rnglists
                0x00000000000002cb       0xda ./Drivers/STM32G4xx_HAL_Driver/Src/stm32g4xx_hal_cortex.o
 .debug_rnglists
                0x00000000000003a5       0x46 ./Drivers/STM32G4xx_HAL_Driver/Src/stm32g4xx_hal_exti.o
 .debug_rnglists
                0x00000000000003eb       0x3f ./Drivers/STM32G4xx_HAL_Driver/Src/stm32g4xx_hal_gpio.o
 .debug_rnglists
                0x000000000000042a       0xf1 ./Drivers/STM32G4xx_HAL_Driver/Src/stm32g4xx_hal_pwr_ex.o
 .debug_rnglists
                0x000000000000051b       0x74 ./Drivers/STM32G4xx_HAL_Driver/Src/stm32g4xx_hal_rcc.o
 .debug_rnglists
                0x000000000000058f      0x1fa ./Drivers/STM32G4xx_HAL_Driver/Src/stm32g4xx_hal_uart.o

.debug_macro    0x0000000000000000    0x24569
 .debug_macro   0x0000000000000000      0x301 ./Core/Src/main.o
 .debug_macro   0x0000000000000301       0x22 ./Core/Src/main.o
 .debug_macro   0x0000000000000323       0x8e ./Core/Src/main.o
 .debug_macro   0x00000000000003b1       0x51 ./Core/Src/main.o
 .debug_macro   0x0000000000000402      0x103 ./Core/Src/main.o
 .debug_macro   0x0000000000000505       0x6a ./Core/Src/main.o
 .debug_macro   0x000000000000056f      0x1df ./Core/Src/main.o
 .debug_macro   0x000000000000074e       0x10 ./Core/Src/main.o
 .debug_macro   0x000000000000075e      0x155 ./Core/Src/main.o
 .debug_macro   0x00000000000008b3       0x2e ./Core/Src/main.o
 .debug_macro   0x00000000000008e1       0x28 ./Core/Src/main.o
 .debug_macro   0x0000000000000909       0x1c ./Core/Src/main.o
 .debug_macro   0x0000000000000925       0x22 ./Core/Src/main.o
 .debug_macro   0x0000000000000947       0xfb ./Core/Src/main.o
 .debug_macro   0x0000000000000a42     0x1011 ./Core/Src/main.o
 .debug_macro   0x0000000000001a53      0x11f ./Core/Src/main.o
 .debug_macro   0x0000000000001b72    0x18b8c ./Core/Src/main.o
 .debug_macro   0x000000000001a6fe       0x6d ./Core/Src/main.o
 .debug_macro   0x000000000001a76b     0x3558 ./Core/Src/main.o
 .debug_macro   0x000000000001dcc3      0x174 ./Core/Src/main.o
 .debug_macro   0x000000000001de37       0x5c ./Core/Src/main.o
 .debug_macro   0x000000000001de93     0x171f ./Core/Src/main.o
 .debug_macro   0x000000000001f5b2      0x600 ./Core/Src/main.o
 .debug_macro   0x000000000001fbb2      0x1b6 ./Core/Src/main.o
 .debug_macro   0x000000000001fd68      0x34a ./Core/Src/main.o
 .debug_macro   0x00000000000200b2      0x53c ./Core/Src/main.o
 .debug_macro   0x00000000000205ee      0x18b ./Core/Src/main.o
 .debug_macro   0x0000000000020779       0x43 ./Core/Src/main.o
 .debug_macro   0x00000000000207bc      0x23d ./Core/Src/main.o
 .debug_macro   0x00000000000209f9      0x211 ./Core/Src/main.o
 .debug_macro   0x0000000000020c0a      0x45c ./Core/Src/main.o
 .debug_macro   0x0000000000021066      0x11c ./Core/Src/main.o
 .debug_macro   0x0000000000021182      0x122 ./Core/Src/main.o
 .debug_macro   0x00000000000212a4      0x3d1 ./Core/Src/main.o
 .debug_macro   0x0000000000021675      0x693 ./Core/Src/main.o
 .debug_macro   0x0000000000021d08       0xa6 ./Core/Src/main.o
 .debug_macro   0x0000000000021dae      0x358 ./Core/Src/main.o
 .debug_macro   0x0000000000022106       0x52 ./Core/Src/main.o
 .debug_macro   0x0000000000022158       0x22 ./Core/Src/main.o
 .debug_macro   0x000000000002217a      0x100 ./Core/Src/main.o
 .debug_macro   0x000000000002227a       0x61 ./Core/Src/main.o
 .debug_macro   0x00000000000222db       0x2a ./Core/Src/main.o
 .debug_macro   0x0000000000022305       0x43 ./Core/Src/main.o
 .debug_macro   0x0000000000022348       0x34 ./Core/Src/main.o
 .debug_macro   0x000000000002237c       0x16 ./Core/Src/main.o
 .debug_macro   0x0000000000022392       0x35 ./Core/Src/main.o
 .debug_macro   0x00000000000223c7      0x369 ./Core/Src/main.o
 .debug_macro   0x0000000000022730       0x10 ./Core/Src/main.o
 .debug_macro   0x0000000000022740       0x16 ./Core/Src/main.o
 .debug_macro   0x0000000000022756       0x43 ./Core/Src/main.o
 .debug_macro   0x0000000000022799       0x34 ./Core/Src/main.o
 .debug_macro   0x00000000000227cd       0x10 ./Core/Src/main.o
 .debug_macro   0x00000000000227dd       0x58 ./Core/Src/main.o
 .debug_macro   0x0000000000022835       0x8e ./Core/Src/main.o
 .debug_macro   0x00000000000228c3       0x1c ./Core/Src/main.o
 .debug_macro   0x00000000000228df      0x177 ./Core/Src/main.o
 .debug_macro   0x0000000000022a56       0x16 ./Core/Src/main.o
 .debug_macro   0x0000000000022a6c       0x16 ./Core/Src/main.o
 .debug_macro   0x0000000000022a82      0x147 ./Core/Src/main.o
 .debug_macro   0x0000000000022bc9       0x58 ./Core/Src/main.o
 .debug_macro   0x0000000000022c21       0x16 ./Core/Src/main.o
 .debug_macro   0x0000000000022c37       0x20 ./Core/Src/main.o
 .debug_macro   0x0000000000022c57      0x2c2 ./Core/Src/stm32g4xx_hal_msp.o
 .debug_macro   0x0000000000022f19      0x2cc ./Core/Src/stm32g4xx_it.o
 .debug_macro   0x00000000000231e5      0x1ba ./Core/Src/system_stm32g4xx.o
 .debug_macro   0x000000000002339f      0x1b6 ./Core/revember_logger/revEMBer.o
 .debug_macro   0x0000000000023555       0x10 ./Core/revember_logger/revEMBer.o
 .debug_macro   0x0000000000023565       0x58 ./Core/revember_logger/revEMBer.o
 .debug_macro   0x00000000000235bd       0x16 ./Core/revember_logger/revEMBer.o
 .debug_macro   0x00000000000235d3       0x85 ./Core/revember_logger/revEMBer_buffer.o
 .debug_macro   0x0000000000023658      0x1e7 ./Drivers/BSP/STM32G4xx_Nucleo/stm32g4xx_nucleo.o
 .debug_macro   0x000000000002383f       0x1c ./Drivers/BSP/STM32G4xx_Nucleo/stm32g4xx_nucleo.o
 .debug_macro   0x000000000002385b      0x208 ./Drivers/STM32G4xx_HAL_Driver/Src/stm32g4xx_hal.o
 .debug_macro   0x0000000000023a63      0x1ba ./Drivers/STM32G4xx_HAL_Driver/Src/stm32g4xx_hal_cortex.o
 .debug_macro   0x0000000000023c1d      0x1c6 ./Drivers/STM32G4xx_HAL_Driver/Src/stm32g4xx_hal_exti.o
 .debug_macro   0x0000000000023de3      0x1c1 ./Drivers/STM32G4xx_HAL_Driver/Src/stm32g4xx_hal_gpio.o
 .debug_macro   0x0000000000023fa4      0x1e4 ./Drivers/STM32G4xx_HAL_Driver/Src/stm32g4xx_hal_pwr_ex.o
 .debug_macro   0x0000000000024188      0x1fc ./Drivers/STM32G4xx_HAL_Driver/Src/stm32g4xx_hal_rcc.o
 .debug_macro   0x0000000000024384      0x1e5 ./Drivers/STM32G4xx_HAL_Driver/Src/stm32g4xx_hal_uart.o

.debug_line     0x0000000000000000     0xc496
 .debug_line    0x0000000000000000      0xa5b ./Core/Src/main.o
 .debug_line    0x0000000000000a5b      0x8f0 ./Core/Src/stm32g4xx_hal_msp.o
 .debug_line    0x000000000000134b      0x9c9 ./Core/Src/stm32g4xx_it.o
 .debug_line    0x0000000000001d14      0x79a ./Core/Src/system_stm32g4xx.o
 .debug_line    0x00000000000024ae       0x7b ./Core/Startup/startup_stm32g474retx.o
 .debug_line    0x0000000000002529      0x8a4 ./Core/revember_logger/revEMBer.o
 .debug_line    0x0000000000002dcd      0x620 ./Core/revember_logger/revEMBer_buffer.o
 .debug_line    0x00000000000033ed      0xab4 ./Drivers/BSP/STM32G4xx_Nucleo/stm32g4xx_nucleo.o
 .debug_line    0x0000000000003ea1      0xb59 ./Drivers/STM32G4xx_HAL_Driver/Src/stm32g4xx_hal.o
 .debug_line    0x00000000000049fa      0xcf2 ./Drivers/STM32G4xx_HAL_Driver/Src/stm32g4xx_hal_cortex.o
 .debug_line    0x00000000000056ec      0xaa3 ./Drivers/STM32G4xx_HAL_Driver/Src/stm32g4xx_hal_exti.o
 .debug_line    0x000000000000618f      0xb54 ./Drivers/STM32G4xx_HAL_Driver/Src/stm32g4xx_hal_gpio.o
 .debug_line    0x0000000000006ce3      0xcc8 ./Drivers/STM32G4xx_HAL_Driver/Src/stm32g4xx_hal_pwr_ex.o
 .debug_line    0x00000000000079ab      0xf21 ./Drivers/STM32G4xx_HAL_Driver/Src/stm32g4xx_hal_rcc.o
 .debug_line    0x00000000000088cc     0x3bca ./Drivers/STM32G4xx_HAL_Driver/Src/stm32g4xx_hal_uart.o

.debug_str      0x0000000000000000    0xea066
 .debug_str     0x0000000000000000    0xe6de5 ./Core/Src/main.o
                                      0xe7111 (size before relaxing)
 .debug_str     0x00000000000e6de5       0x4d ./Core/Src/stm32g4xx_hal_msp.o
                                      0xe6448 (size before relaxing)
 .debug_str     0x00000000000e6e32       0xf0 ./Core/Src/stm32g4xx_it.o
                                      0xe63a1 (size before relaxing)
 .debug_str     0x00000000000e6f22       0xdb ./Core/Src/system_stm32g4xx.o
                                      0xe247d (size before relaxing)
 .debug_str     0x00000000000e6ffd       0x34 ./Core/Startup/startup_stm32g474retx.o
                                         0x94 (size before relaxing)
 .debug_str     0x00000000000e7031      0x63c ./Core/revember_logger/revEMBer.o
                                       0x83e8 (size before relaxing)
 .debug_str     0x00000000000e766d       0x9f ./Core/revember_logger/revEMBer_buffer.o
                                       0x4211 (size before relaxing)
 .debug_str     0x00000000000e770c      0xa08 ./Drivers/BSP/STM32G4xx_Nucleo/stm32g4xx_nucleo.o
                                      0xe3d5f (size before relaxing)
 .debug_str     0x00000000000e8114      0x5e3 ./Drivers/STM32G4xx_HAL_Driver/Src/stm32g4xx_hal.o
                                      0xe318f (size before relaxing)
 .debug_str     0x00000000000e86f7      0x34b ./Drivers/STM32G4xx_HAL_Driver/Src/stm32g4xx_hal_cortex.o
                                      0xe2e4b (size before relaxing)
 .debug_str     0x00000000000e8a42      0x1b8 ./Drivers/STM32G4xx_HAL_Driver/Src/stm32g4xx_hal_exti.o
                                      0xe2517 (size before relaxing)
 .debug_str     0x00000000000e8bfa       0xb8 ./Drivers/STM32G4xx_HAL_Driver/Src/stm32g4xx_hal_gpio.o
                                      0xe2608 (size before relaxing)
 .debug_str     0x00000000000e8cb2      0x4a0 ./Drivers/STM32G4xx_HAL_Driver/Src/stm32g4xx_hal_pwr_ex.o
                                      0xe296b (size before relaxing)
 .debug_str     0x00000000000e9152      0x506 ./Drivers/STM32G4xx_HAL_Driver/Src/stm32g4xx_hal_rcc.o
                                      0xe2b9c (size before relaxing)
 .debug_str     0x00000000000e9658      0xa0e ./Drivers/STM32G4xx_HAL_Driver/Src/stm32g4xx_hal_uart.o
                                      0xe3438 (size before relaxing)

.debug_frame    0x0000000000000000     0x2780
 .debug_frame   0x0000000000000000       0xc4 ./Core/Src/main.o
 .debug_frame   0x00000000000000c4       0x34 ./Core/Src/stm32g4xx_hal_msp.o
 .debug_frame   0x00000000000000f8      0x120 ./Core/Src/stm32g4xx_it.o
 .debug_frame   0x0000000000000218       0x58 ./Core/Src/system_stm32g4xx.o
 .debug_frame   0x0000000000000270      0x1fc ./Core/revember_logger/revEMBer.o
 .debug_frame   0x000000000000046c       0xd8 ./Core/revember_logger/revEMBer_buffer.o
 .debug_frame   0x0000000000000544      0x31c ./Drivers/BSP/STM32G4xx_Nucleo/stm32g4xx_nucleo.o
 .debug_frame   0x0000000000000860      0x500 ./Drivers/STM32G4xx_HAL_Driver/Src/stm32g4xx_hal.o
 .debug_frame   0x0000000000000d60      0x4e8 ./Drivers/STM32G4xx_HAL_Driver/Src/stm32g4xx_hal_cortex.o
 .debug_frame   0x0000000000001248      0x174 ./Drivers/STM32G4xx_HAL_Driver/Src/stm32g4xx_hal_exti.o
 .debug_frame   0x00000000000013bc      0x14c ./Drivers/STM32G4xx_HAL_Driver/Src/stm32g4xx_hal_gpio.o
 .debug_frame   0x0000000000001508      0x4fc ./Drivers/STM32G4xx_HAL_Driver/Src/stm32g4xx_hal_pwr_ex.o
 .debug_frame   0x0000000000001a04      0x23c ./Drivers/STM32G4xx_HAL_Driver/Src/stm32g4xx_hal_rcc.o
 .debug_frame   0x0000000000001c40      0xa94 ./Drivers/STM32G4xx_HAL_Driver/Src/stm32g4xx_hal_uart.o
 .debug_frame   0x00000000000026d4       0x20 D:/ST/STM32CubeIDE_1.13.2/STM32CubeIDE/plugins/com.st.stm32cube.ide.mcu.externaltools.gnu-tools-for-stm32.11.3.rel1.win32_1.1.1.202309131626/tools/bin/../lib/gcc/arm-none-eabi/11.3.1/../../../../arm-none-eabi/lib/thumb/v7e-m+fp/hard\libc_nano.a(libc_a-memset.o)
 .debug_frame   0x00000000000026f4       0x2c D:/ST/STM32CubeIDE_1.13.2/STM32CubeIDE/plugins/com.st.stm32cube.ide.mcu.externaltools.gnu-tools-for-stm32.11.3.rel1.win32_1.1.1.202309131626/tools/bin/../lib/gcc/arm-none-eabi/11.3.1/../../../../arm-none-eabi/lib/thumb/v7e-m+fp/hard\libc_nano.a(libc_a-init.o)
 .debug_frame   0x0000000000002720       0x2c D:/ST/STM32CubeIDE_1.13.2/STM32CubeIDE/plugins/com.st.stm32cube.ide.mcu.externaltools.gnu-tools-for-stm32.11.3.rel1.win32_1.1.1.202309131626/tools/bin/../lib/gcc/arm-none-eabi/11.3.1/thumb/v7e-m+fp/hard\libgcc.a(_aeabi_uldivmod.o)
 .debug_frame   0x000000000000274c       0x34 D:/ST/STM32CubeIDE_1.13.2/STM32CubeIDE/plugins/com.st.stm32cube.ide.mcu.externaltools.gnu-tools-for-stm32.11.3.rel1.win32_1.1.1.202309131626/tools/bin/../lib/gcc/arm-none-eabi/11.3.1/thumb/v7e-m+fp/hard\libgcc.a(_udivmoddi4.o)

.debug_line_str
                0x0000000000000000       0x88
 .debug_line_str
                0x0000000000000000       0x88 ./Core/Startup/startup_stm32g474retx.o
                                         0xa0 (size before relaxing)
