Archive member included to satisfy reference by file (symbol)

C:/ST/STM32CubeIDE_1.16.1/STM32CubeIDE/plugins/com.st.stm32cube.ide.mcu.externaltools.gnu-tools-for-stm32.12.3.rel1.win32_1.0.200.202406191623/tools/bin/../lib/gcc/arm-none-eabi/12.3.1/../../../../arm-none-eabi/lib/thumb/v7e-m+fp/hard\libc_nano.a(libc_a-exit.o)
                              C:/ST/STM32CubeIDE_1.16.1/STM32CubeIDE/plugins/com.st.stm32cube.ide.mcu.externaltools.gnu-tools-for-stm32.12.3.rel1.win32_1.0.200.202406191623/tools/bin/../lib/gcc/arm-none-eabi/12.3.1/../../../../arm-none-eabi/lib/thumb/v7e-m+fp/hard/crt0.o (exit)
C:/ST/STM32CubeIDE_1.16.1/STM32CubeIDE/plugins/com.st.stm32cube.ide.mcu.externaltools.gnu-tools-for-stm32.12.3.rel1.win32_1.0.200.202406191623/tools/bin/../lib/gcc/arm-none-eabi/12.3.1/../../../../arm-none-eabi/lib/thumb/v7e-m+fp/hard\libc_nano.a(libc_a-findfp.o)
                              C:/ST/STM32CubeIDE_1.16.1/STM32CubeIDE/plugins/com.st.stm32cube.ide.mcu.externaltools.gnu-tools-for-stm32.12.3.rel1.win32_1.0.200.202406191623/tools/bin/../lib/gcc/arm-none-eabi/12.3.1/../../../../arm-none-eabi/lib/thumb/v7e-m+fp/hard\libc_nano.a(libc_a-exit.o) (__stdio_exit_handler)
C:/ST/STM32CubeIDE_1.16.1/STM32CubeIDE/plugins/com.st.stm32cube.ide.mcu.externaltools.gnu-tools-for-stm32.12.3.rel1.win32_1.0.200.202406191623/tools/bin/../lib/gcc/arm-none-eabi/12.3.1/../../../../arm-none-eabi/lib/thumb/v7e-m+fp/hard\libc_nano.a(libc_a-fwalk.o)
                              C:/ST/STM32CubeIDE_1.16.1/STM32CubeIDE/plugins/com.st.stm32cube.ide.mcu.externaltools.gnu-tools-for-stm32.12.3.rel1.win32_1.0.200.202406191623/tools/bin/../lib/gcc/arm-none-eabi/12.3.1/../../../../arm-none-eabi/lib/thumb/v7e-m+fp/hard\libc_nano.a(libc_a-findfp.o) (_fwalk_sglue)
C:/ST/STM32CubeIDE_1.16.1/STM32CubeIDE/plugins/com.st.stm32cube.ide.mcu.externaltools.gnu-tools-for-stm32.12.3.rel1.win32_1.0.200.202406191623/tools/bin/../lib/gcc/arm-none-eabi/12.3.1/../../../../arm-none-eabi/lib/thumb/v7e-m+fp/hard\libc_nano.a(libc_a-stdio.o)
                              C:/ST/STM32CubeIDE_1.16.1/STM32CubeIDE/plugins/com.st.stm32cube.ide.mcu.externaltools.gnu-tools-for-stm32.12.3.rel1.win32_1.0.200.202406191623/tools/bin/../lib/gcc/arm-none-eabi/12.3.1/../../../../arm-none-eabi/lib/thumb/v7e-m+fp/hard\libc_nano.a(libc_a-findfp.o) (__sread)
C:/ST/STM32CubeIDE_1.16.1/STM32CubeIDE/plugins/com.st.stm32cube.ide.mcu.externaltools.gnu-tools-for-stm32.12.3.rel1.win32_1.0.200.202406191623/tools/bin/../lib/gcc/arm-none-eabi/12.3.1/../../../../arm-none-eabi/lib/thumb/v7e-m+fp/hard\libc_nano.a(libc_a-memset.o)
                              C:/ST/STM32CubeIDE_1.16.1/STM32CubeIDE/plugins/com.st.stm32cube.ide.mcu.externaltools.gnu-tools-for-stm32.12.3.rel1.win32_1.0.200.202406191623/tools/bin/../lib/gcc/arm-none-eabi/12.3.1/../../../../arm-none-eabi/lib/thumb/v7e-m+fp/hard/crt0.o (memset)
C:/ST/STM32CubeIDE_1.16.1/STM32CubeIDE/plugins/com.st.stm32cube.ide.mcu.externaltools.gnu-tools-for-stm32.12.3.rel1.win32_1.0.200.202406191623/tools/bin/../lib/gcc/arm-none-eabi/12.3.1/../../../../arm-none-eabi/lib/thumb/v7e-m+fp/hard\libc_nano.a(libc_a-closer.o)
                              C:/ST/STM32CubeIDE_1.16.1/STM32CubeIDE/plugins/com.st.stm32cube.ide.mcu.externaltools.gnu-tools-for-stm32.12.3.rel1.win32_1.0.200.202406191623/tools/bin/../lib/gcc/arm-none-eabi/12.3.1/../../../../arm-none-eabi/lib/thumb/v7e-m+fp/hard\libc_nano.a(libc_a-stdio.o) (_close_r)
C:/ST/STM32CubeIDE_1.16.1/STM32CubeIDE/plugins/com.st.stm32cube.ide.mcu.externaltools.gnu-tools-for-stm32.12.3.rel1.win32_1.0.200.202406191623/tools/bin/../lib/gcc/arm-none-eabi/12.3.1/../../../../arm-none-eabi/lib/thumb/v7e-m+fp/hard\libc_nano.a(libc_a-reent.o)
                              C:/ST/STM32CubeIDE_1.16.1/STM32CubeIDE/plugins/com.st.stm32cube.ide.mcu.externaltools.gnu-tools-for-stm32.12.3.rel1.win32_1.0.200.202406191623/tools/bin/../lib/gcc/arm-none-eabi/12.3.1/../../../../arm-none-eabi/lib/thumb/v7e-m+fp/hard\libc_nano.a(libc_a-closer.o) (errno)
C:/ST/STM32CubeIDE_1.16.1/STM32CubeIDE/plugins/com.st.stm32cube.ide.mcu.externaltools.gnu-tools-for-stm32.12.3.rel1.win32_1.0.200.202406191623/tools/bin/../lib/gcc/arm-none-eabi/12.3.1/../../../../arm-none-eabi/lib/thumb/v7e-m+fp/hard\libc_nano.a(libc_a-impure.o)
                              C:/ST/STM32CubeIDE_1.16.1/STM32CubeIDE/plugins/com.st.stm32cube.ide.mcu.externaltools.gnu-tools-for-stm32.12.3.rel1.win32_1.0.200.202406191623/tools/bin/../lib/gcc/arm-none-eabi/12.3.1/../../../../arm-none-eabi/lib/thumb/v7e-m+fp/hard\libc_nano.a(libc_a-reent.o) (_impure_ptr)
C:/ST/STM32CubeIDE_1.16.1/STM32CubeIDE/plugins/com.st.stm32cube.ide.mcu.externaltools.gnu-tools-for-stm32.12.3.rel1.win32_1.0.200.202406191623/tools/bin/../lib/gcc/arm-none-eabi/12.3.1/../../../../arm-none-eabi/lib/thumb/v7e-m+fp/hard\libc_nano.a(libc_a-lseekr.o)
[...]
Memory Configuration

Name             Origin             Length             Attributes
RAM              0x20000000         0x00020000         xrw
FLASH            0x08000000         0x00080000         xr
*default*        0x00000000         0xffffffff

Linker script and memory map

LOAD C:/ST/STM32CubeIDE_1.16.1/STM32CubeIDE/plugins/com.st.stm32cube.ide.mcu.externaltools.gnu-tools-for-stm32.12.3.rel1.win32_1.0.200.202406191623/tools/bin/../lib/gcc/arm-none-eabi/12.3.1/thumb/v7e-m+fp/hard/crti.o
LOAD C:/ST/STM32CubeIDE_1.16.1/STM32CubeIDE/plugins/com.st.stm32cube.ide.mcu.externaltools.gnu-tools-for-stm32.12.3.rel1.win32_1.0.200.202406191623/tools/bin/../lib/gcc/arm-none-eabi/12.3.1/thumb/v7e-m+fp/hard/crtbegin.o
LOAD C:/ST/STM32CubeIDE_1.16.1/STM32CubeIDE/plugins/com.st.stm32cube.ide.mcu.externaltools.gnu-tools-for-stm32.12.3.rel1.win32_1.0.200.202406191623/tools/bin/../lib/gcc/arm-none-eabi/12.3.1/../../../../arm-none-eabi/lib/thumb/v7e-m+fp/hard/crt0.o
LOAD ./Core/Src/logging.o
LOAD ./Core/Src/main.o
LOAD ./Core/Src/revEMBer.o
LOAD ./Core/Src/revEMBer_buffer.o
LOAD ./Core/Src/stm32g4xx_hal_msp.o
LOAD ./Core/Src/stm32g4xx_it.o
LOAD ./Core/Src/syscalls.o
LOAD ./Core/Src/sysmem.o
LOAD ./Core/Src/system_stm32g4xx.o
LOAD ./Core/Startup/startup_stm32g474retx.o
LOAD ./Drivers/BSP/STM32G4xx_Nucleo/stm32g4xx_nucleo.o
LOAD ./Drivers/STM32G4xx_HAL_Driver/Src/stm32g4xx_hal.o
LOAD ./Drivers/STM32G4xx_HAL_Driver/Src/stm32g4xx_hal_cortex.o
LOAD ./Drivers/STM32G4xx_HAL_Driver/Src/stm32g4xx_hal_dma.o
LOAD ./Drivers/STM32G4xx_HAL_Driver/Src/stm32g4xx_hal_dma_ex.o
LOAD ./Drivers/STM32G4xx_HAL_Driver/Src/stm32g4xx_hal_exti.o
LOAD ./Drivers/STM32G4xx_HAL_Driver/Src/stm32g4xx_hal_flash.o
LOAD ./Drivers/STM32G4xx_HAL_Driver/Src/stm32g4xx_hal_flash_ex.o
LOAD ./Drivers/STM32G4xx_HAL_Driver/Src/stm32g4xx_hal_flash_ramfunc.o
LOAD ./Drivers/STM32G4xx_HAL_Driver/Src/stm32g4xx_hal_gpio.o
LOAD ./Drivers/STM32G4xx_HAL_Driver/Src/stm32g4xx_hal_pwr.o
LOAD ./Drivers/STM32G4xx_HAL_Driver/Src/stm32g4xx_hal_pwr_ex.o
LOAD ./Drivers/STM32G4xx_HAL_Driver/Src/stm32g4xx_hal_rcc.o
LOAD ./Drivers/STM32G4xx_HAL_Driver/Src/stm32g4xx_hal_rcc_ex.o
LOAD ./Drivers/STM32G4xx_HAL_Driver/Src/stm32g4xx_hal_tim.o
LOAD ./Drivers/STM32G4xx_HAL_Driver/Src/stm32g4xx_hal_tim_ex.o
LOAD ./Drivers/STM32G4xx_HAL_Driver/Src/stm32g4xx_hal_uart.o
LOAD ./Drivers/STM32G4xx_HAL_Driver/Src/stm32g4xx_hal_uart_ex.o
LOAD ./Drivers/STM32G4xx_HAL_Driver/Src/stm32g4xx_hal_usart.o
LOAD ./Drivers/STM32G4xx_HAL_Driver/Src/stm32g4xx_hal_usart_ex.o
START GROUP
LOAD C:/ST/STM32CubeIDE_1.16.1/STM32CubeIDE/plugins/com.st.stm32cube.ide.mcu.externaltools.gnu-tools-for-stm32.12.3.rel1.win32_1.0.200.202406191623/tools/bin/../lib/gcc/arm-none-eabi/12.3.1/../../../../arm-none-eabi/lib/thumb/v7e-m+fp/hard\libc_nano.a
LOAD C:/ST/STM32CubeIDE_1.16.1/STM32CubeIDE/plugins/com.st.stm32cube.ide.mcu.externaltools.gnu-tools-for-stm32.12.3.rel1.win32_1.0.200.202406191623/tools/bin/../lib/gcc/arm-none-eabi/12.3.1/../../../../arm-none-eabi/lib/thumb/v7e-m+fp/hard\libm.a
END GROUP
START GROUP
LOAD C:/ST/STM32CubeIDE_1.16.1/STM32CubeIDE/plugins/com.st.stm32cube.ide.mcu.externaltools.gnu-tools-for-stm32.12.3.rel1.win32_1.0.200.202406191623/tools/bin/../lib/gcc/arm-none-eabi/12.3.1/thumb/v7e-m+fp/hard\libgcc.a
LOAD C:/ST/STM32CubeIDE_1.16.1/STM32CubeIDE/plugins/com.st.stm32cube.ide.mcu.externaltools.gnu-tools-for-stm32.12.3.rel1.win32_1.0.200.202406191623/tools/bin/../lib/gcc/arm-none-eabi/12.3.1/../../../../arm-none-eabi/lib/thumb/v7e-m+fp/hard\libc_nano.a
END GROUP
START GROUP
LOAD C:/ST/STM32CubeIDE_1.16.1/STM32CubeIDE/plugins/com.st.stm32cube.ide.mcu.externaltools.gnu-tools-for-stm32.12.3.rel1.win32_1.0.200.202406191623/tools/bin/../lib/gcc/arm-none-eabi/12.3.1/thumb/v7e-m+fp/hard\libgcc.a
LOAD C:/ST/STM32CubeIDE_1.16.1/STM32CubeIDE/plugins/com.st.stm32cube.ide.mcu.externaltools.gnu-tools-for-stm32.12.3.rel1.win32_1.0.200.202406191623/tools/bin/../lib/gcc/arm-none-eabi/12.3.1/../../../../arm-none-eabi/lib/thumb/v7e-m+fp/hard\libc_nano.a
LOAD C:/ST/STM32CubeIDE_1.16.1/STM32CubeIDE/plugins/com.st.stm32cube.ide.mcu.externaltools.gnu-tools-for-stm32.12.3.rel1.win32_1.0.200.202406191623/tools/bin/../lib/gcc/arm-none-eabi/12.3.1/../../../../arm-none-eabi/lib/thumb/v7e-m+fp/hard\libnosys.a
END GROUP
START GROUP
LOAD C:/ST/STM32CubeIDE_1.16.1/STM32CubeIDE/plugins/com.st.stm32cube.ide.mcu.externaltools.gnu-tools-for-stm32.12.3.rel1.win32_1.0.200.202406191623/tools/bin/../lib/gcc/arm-none-eabi/12.3.1/thumb/v7e-m+fp/hard\libgcc.a
LOAD C:/ST/STM32CubeIDE_1.16.1/STM32CubeIDE/plugins/com.st.stm32cube.ide.mcu.externaltools.gnu-tools-for-stm32.12.3.rel1.win32_1.0.200.202406191623/tools/bin/../lib/gcc/arm-none-eabi/12.3.1/../../../../arm-none-eabi/lib/thumb/v7e-m+fp/hard\libc_nano.a
LOAD C:/ST/STM32CubeIDE_1.16.1/STM32CubeIDE/plugins/com.st.stm32cube.ide.mcu.externaltools.gnu-tools-for-stm32.12.3.rel1.win32_1.0.200.202406191623/tools/bin/../lib/gcc/arm-none-eabi/12.3.1/../../../../arm-none-eabi/lib/thumb/v7e-m+fp/hard\libnosys.a
END GROUP
LOAD C:/ST/STM32CubeIDE_1.16.1/STM32CubeIDE/plugins/com.st.stm32cube.ide.mcu.externaltools.gnu-tools-for-stm32.12.3.rel1.win32_1.0.200.202406191623/tools/bin/../lib/gcc/arm-none-eabi/12.3.1/thumb/v7e-m+fp/hard/crtend.o
LOAD C:/ST/STM32CubeIDE_1.16.1/STM32CubeIDE/plugins/com.st.stm32cube.ide.mcu.externaltools.gnu-tools-for-stm32.12.3.rel1.win32_1.0.200.202406191623/tools/bin/../lib/gcc/arm-none-eabi/12.3.1/thumb/v7e-m+fp/hard/crtn.o
                0x20020000                        _estack = (ORIGIN (RAM) + LENGTH (RAM))
                0x00000200                        _Min_Heap_Size = 0x200
                0x00000400                        _Min_Stack_Size = 0x400

.isr_vector     0x08000000      0x1d8
                0x08000000                        . = ALIGN (0x4)
 *(.isr_vector)
 .isr_vector    0x08000000      0x1d8 ./Core/Startup/startup_stm32g474retx.o
                0x08000000                g_pfnVectors
                0x080001d8                        . = ALIGN (0x4)

.text           0x080001d8     0x2c64
                0x080001d8                        . = ALIGN (0x4)
 *(.text)
 .text          0x080001d8       0x40 C:/ST/STM32CubeIDE_1.16.1/STM32CubeIDE/plugins/com.st.stm32cube.ide.mcu.externaltools.gnu-tools-for-stm32.12.3.rel1.win32_1.0.200.202406191623/tools/bin/../lib/gcc/arm-none-eabi/12.3.1/thumb/v7e-m+fp/hard/crtbegin.o
 .text          0x08000218       0x30 C:/ST/STM32CubeIDE_1.16.1/STM32CubeIDE/plugins/com.st.stm32cube.ide.mcu.externaltools.gnu-tools-for-stm32.12.3.rel1.win32_1.0.200.202406191623/tools/bin/../lib/gcc/arm-none-eabi/12.3.1/thumb/v7e-m+fp/hard\libgcc.a(_aeabi_uldivmod.o)
                0x08000218                __aeabi_uldivmod
 .text          0x08000248      0x2bc C:/ST/STM32CubeIDE_1.16.1/STM32CubeIDE/plugins/com.st.stm32cube.ide.mcu.externaltools.gnu-tools-for-stm32.12.3.rel1.win32_1.0.200.202406191623/tools/bin/../lib/gcc/arm-none-eabi/12.3.1/thumb/v7e-m+fp/hard\libgcc.a(_udivmoddi4.o)
                0x08000248                __udivmoddi4
 .text          0x08000504        0x4 C:/ST/STM32CubeIDE_1.16.1/STM32CubeIDE/plugins/com.st.stm32cube.ide.mcu.externaltools.gnu-tools-for-stm32.12.3.rel1.win32_1.0.200.202406191623/tools/bin/../lib/gcc/arm-none-eabi/12.3.1/thumb/v7e-m+fp/hard\libgcc.a(_dvmd_tls.o)
                0x08000504                __aeabi_idiv0
                0x08000504                __aeabi_ldiv0
 *(.text*)
 .text.tx_f     0x08000508       0x24 ./Core/Src/main.o
                0x08000508                tx_f
 .text.main     0x0800052c       0x80 ./Core/Src/main.o
                0x0800052c                main
 .text.SystemClock_Config
                0x080005ac       0xce ./Core/Src/main.o
                0x080005ac                SystemClock_Config
 *fill*         0x0800067a        0x2 
 .text.MX_GPIO_Init
                0x0800067c       0xac ./Core/Src/main.o
 .text.Error_Handler
                0x08000728        0xc ./Core/Src/main.o
                0x08000728                Error_Handler
 .text.revember_logger_init
                0x08000734       0x24 ./Core/Src/revEMBer.o
                0x08000734                revember_logger_init
 .text.revEMBer_send_bytes
                0x08000758       0x48 ./Core/Src/revEMBer.o
                0x08000758                revEMBer_send_bytes
 .text.transimt_buffer_flush
                0x080007a0       0x44 ./Core/Src/revEMBer.o
                0x080007a0                transimt_buffer_flush
 .text.revEMBer_transmit_interface_active
                0x080007e4       0x18 ./Core/Src/revEMBer.o
                0x080007e4                revEMBer_transmit_interface_active
 .text.revEMBer_WSEQ
                0x080007fc       0xb4 ./Core/Src/revEMBer.o
                0x080007fc                revEMBer_WSEQ
 .text.revEMBer_send_info_frame
                0x080008b0       0x50 ./Core/Src/revEMBer.o
                0x080008b0                revEMBer_send_info_frame
 .text.buffer_init
                0x08000900       0x3c ./Core/Src/revEMBer_buffer.o
                0x08000900                buffer_init
 .text.buffer_put
                0x0800093c       0x74 ./Core/Src/revEMBer_buffer.o
                0x0800093c                buffer_put
 .text.buffer_get_size
                0x080009b0       0x18 ./Core/Src/revEMBer_buffer.o
                0x080009b0                buffer_get_size
 .text.buffer_get
                0x080009c8       0x72 ./Core/Src/revEMBer_buffer.o
                0x080009c8                buffer_get
 *fill*         0x08000a3a        0x2 
 .text.HAL_MspInit
                0x08000a3c       0x48 ./Core/Src/stm32g4xx_hal_msp.o
                0x08000a3c                HAL_MspInit
 .text.NMI_Handler
                0x08000a84        0x8 ./Core/Src/stm32g4xx_it.o
                0x08000a84                NMI_Handler
 .text.HardFault_Handler
                0x08000a8c        0x8 ./Core/Src/stm32g4xx_it.o
                0x08000a8c                HardFault_Handler
 .text.MemManage_Handler
                0x08000a94        0x8 ./Core/Src/stm32g4xx_it.o
                0x08000a94                MemManage_Handler
 .text.BusFault_Handler
                0x08000a9c        0x8 ./Core/Src/stm32g4xx_it.o
                0x08000a9c                BusFault_Handler
 .text.UsageFault_Handler
                0x08000aa4        0x8 ./Core/Src/stm32g4xx_it.o
                0x08000aa4                UsageFault_Handler
 .text.SVC_Handler
                0x08000aac        0xe ./Core/Src/stm32g4xx_it.o
                0x08000aac                SVC_Handler
 .text.DebugMon_Handler
                0x08000aba        0xe ./Core/Src/stm32g4xx_it.o
                0x08000aba                DebugMon_Handler
 .text.PendSV_Handler
                0x08000ac8        0xe ./Core/Src/stm32g4xx_it.o
                0x08000ac8                PendSV_Handler
 .text.SysTick_Handler
                0x08000ad6        0xc ./Core/Src/stm32g4xx_it.o
                0x08000ad6                SysTick_Handler
 .text.EXTI15_10_IRQHandler
                0x08000ae2        0xe ./Core/Src/stm32g4xx_it.o
                0x08000ae2                EXTI15_10_IRQHandler
 .text.SystemInit
                0x08000af0       0x24 ./Core/Src/system_stm32g4xx.o
                0x08000af0                SystemInit
 .text.Reset_Handler
                0x08000b14       0x50 ./Core/Startup/startup_stm32g474retx.o
                0x08000b14                Reset_Handler
 .text.Default_Handler
                0x08000b64        0x2 ./Core/Startup/startup_stm32g474retx.o
                0x08000b64                RTC_Alarm_IRQHandler
                0x08000b64                EXTI2_IRQHandler
                0x08000b64                TIM8_TRG_COM_IRQHandler
                0x08000b64                TIM8_CC_IRQHandler
                0x08000b64                HRTIM1_Master_IRQHandler
                0x08000b64                SPI4_IRQHandler
                0x08000b64                FDCAN3_IT0_IRQHandler
                0x08000b64                TIM1_CC_IRQHandler
                0x08000b64                HRTIM1_FLT_IRQHandler
                0x08000b64                HRTIM1_TIMF_IRQHandler
                0x08000b64                USB_HP_IRQHandler
                0x08000b64                CORDIC_IRQHandler
                0x08000b64                HRTIM1_TIMD_IRQHandler
                0x08000b64                DMA2_Channel8_IRQHandler
                0x08000b64                EXTI3_IRQHandler
                0x08000b64                I2C3_ER_IRQHandler
                0x08000b64                EXTI0_IRQHandler
                0x08000b64                I2C2_EV_IRQHandler
                0x08000b64                FPU_IRQHandler
                0x08000b64                FDCAN1_IT1_IRQHandler
                0x08000b64                TIM1_UP_TIM16_IRQHandler
                0x08000b64                ADC1_2_IRQHandler
                0x08000b64                HRTIM1_TIME_IRQHandler
                0x08000b64                SPI1_IRQHandler
                0x08000b64                TIM6_DAC_IRQHandler
                0x08000b64                HRTIM1_TIMC_IRQHandler
                0x08000b64                TIM8_UP_IRQHandler
                0x08000b64                DMA2_Channel2_IRQHandler
                0x08000b64                DMA1_Channel4_IRQHandler
                0x08000b64                TIM20_TRG_COM_IRQHandler
                0x08000b64                USART3_IRQHandler
                0x08000b64                DMA1_Channel7_IRQHandler
                0x08000b64                UART5_IRQHandler
                0x08000b64                ADC3_IRQHandler
                0x08000b64                TIM4_IRQHandler
                0x08000b64                DMA2_Channel1_IRQHandler
                0x08000b64                QUADSPI_IRQHandler
                0x08000b64                I2C1_EV_IRQHandler
                0x08000b64                DMA1_Channel6_IRQHandler
                0x08000b64                UART4_IRQHandler
                0x08000b64                DMA2_Channel4_IRQHandler
                0x08000b64                TIM3_IRQHandler
                0x08000b64                RCC_IRQHandler
                0x08000b64                TIM20_UP_IRQHandler
                0x08000b64                DMA1_Channel1_IRQHandler
                0x08000b64                Default_Handler
                0x08000b64                DMA2_Channel7_IRQHandler
                0x08000b64                RTC_TAMP_LSECSS_IRQHandler
                0x08000b64                FMAC_IRQHandler
                0x08000b64                DMA1_Channel8_IRQHandler
                0x08000b64                HRTIM1_TIMA_IRQHandler
                0x08000b64                TIM7_DAC_IRQHandler
                0x08000b64                FDCAN3_IT1_IRQHandler
                0x08000b64                TIM5_IRQHandler
                0x08000b64                UCPD1_IRQHandler
                0x08000b64                I2C3_EV_IRQHandler
                0x08000b64                EXTI9_5_IRQHandler
                0x08000b64                RTC_WKUP_IRQHandler
                0x08000b64                PVD_PVM_IRQHandler
                0x08000b64                SPI2_IRQHandler
                0x08000b64                ADC5_IRQHandler
                0x08000b64                DMA2_Channel5_IRQHandler
                0x08000b64                CRS_IRQHandler
                0x08000b64                DMA1_Channel5_IRQHandler
                0x08000b64                USB_LP_IRQHandler
                0x08000b64                EXTI4_IRQHandler
                0x08000b64                RNG_IRQHandler
                0x08000b64                HRTIM1_TIMB_IRQHandler
                0x08000b64                TIM1_TRG_COM_TIM17_IRQHandler
                0x08000b64                FDCAN2_IT1_IRQHandler
                0x08000b64                DMA1_Channel3_IRQHandler
                0x08000b64                ADC4_IRQHandler
                0x08000b64                WWDG_IRQHandler
                0x08000b64                I2C4_EV_IRQHandler
                0x08000b64                FDCAN2_IT0_IRQHandler
                0x08000b64                LPUART1_IRQHandler
                0x08000b64                DMA2_Channel6_IRQHandler
                0x08000b64                FDCAN1_IT0_IRQHandler
                0x08000b64                TIM2_IRQHandler
                0x08000b64                COMP7_IRQHandler
                0x08000b64                COMP1_2_3_IRQHandler
                0x08000b64                EXTI1_IRQHandler
                0x08000b64                USART2_IRQHandler
                0x08000b64                COMP4_5_6_IRQHandler
                0x08000b64                TIM20_BRK_IRQHandler
                0x08000b64                I2C2_ER_IRQHandler
                0x08000b64                DMA1_Channel2_IRQHandler
                0x08000b64                TIM8_BRK_IRQHandler
                0x08000b64                FLASH_IRQHandler
                0x08000b64                TIM20_CC_IRQHandler
                0x08000b64                USART1_IRQHandler
                0x08000b64                SPI3_IRQHandler
                0x08000b64                I2C1_ER_IRQHandler
                0x08000b64                FMC_IRQHandler
                0x08000b64                LPTIM1_IRQHandler
                0x08000b64                DMAMUX_OVR_IRQHandler
                0x08000b64                I2C4_ER_IRQHandler
                0x08000b64                USBWakeUp_IRQHandler
                0x08000b64                SAI1_IRQHandler
                0x08000b64                DMA2_Channel3_IRQHandler
                0x08000b64                TIM1_BRK_TIM15_IRQHandler
 *fill*         0x08000b66        0x2 
 .text.BSP_LED_Init
                0x08000b68       0x6c ./Drivers/BSP/STM32G4xx_Nucleo/stm32g4xx_nucleo.o
                0x08000b68                BSP_LED_Init
 .text.BSP_PB_Init
                0x08000bd4       0xdc ./Drivers/BSP/STM32G4xx_Nucleo/stm32g4xx_nucleo.o
                0x08000bd4                BSP_PB_Init
 .text.BSP_PB_IRQHandler
                0x08000cb0       0x24 ./Drivers/BSP/STM32G4xx_Nucleo/stm32g4xx_nucleo.o
                0x08000cb0                BSP_PB_IRQHandler
 .text.BSP_PB_Callback
                0x08000cd4       0x16 ./Drivers/BSP/STM32G4xx_Nucleo/stm32g4xx_nucleo.o
                0x08000cd4                BSP_PB_Callback
 *fill*         0x08000cea        0x2 
 .text.BSP_COM_Init
                0x08000cec       0x60 ./Drivers/BSP/STM32G4xx_Nucleo/stm32g4xx_nucleo.o
                0x08000cec                BSP_COM_Init
 .text.MX_LPUART1_Init
                0x08000d4c       0x64 ./Drivers/BSP/STM32G4xx_Nucleo/stm32g4xx_nucleo.o
                0x08000d4c                MX_LPUART1_Init
 .text.BUTTON_USER_EXTI_Callback
                0x08000db0        0xe ./Drivers/BSP/STM32G4xx_Nucleo/stm32g4xx_nucleo.o
 *fill*         0x08000dbe        0x2 
 .text.COM1_MspInit
                0x08000dc0       0x98 ./Drivers/BSP/STM32G4xx_Nucleo/stm32g4xx_nucleo.o
 .text.HAL_Init
                0x08000e58       0x68 ./Drivers/STM32G4xx_HAL_Driver/Src/stm32g4xx_hal.o
                0x08000e58                HAL_Init
 .text.HAL_InitTick
                0x08000ec0       0x74 ./Drivers/STM32G4xx_HAL_Driver/Src/stm32g4xx_hal.o
                0x08000ec0                HAL_InitTick
 .text.HAL_IncTick
                0x08000f34       0x24 ./Drivers/STM32G4xx_HAL_Driver/Src/stm32g4xx_hal.o
                0x08000f34                HAL_IncTick
 .text.HAL_GetTick
                0x08000f58       0x18 ./Drivers/STM32G4xx_HAL_Driver/Src/stm32g4xx_hal.o
                0x08000f58                HAL_GetTick
 .text.HAL_Delay
                0x08000f70       0x7c ./Drivers/STM32G4xx_HAL_Driver/Src/stm32g4xx_hal.o
                0x08000f70                HAL_Delay
 .text.__NVIC_SetPriorityGrouping
                0x08000fec       0x48 ./Drivers/STM32G4xx_HAL_Driver/Src/stm32g4xx_hal_cortex.o
 .text.__NVIC_GetPriorityGrouping
                0x08001034       0x1c ./Drivers/STM32G4xx_HAL_Driver/Src/stm32g4xx_hal_cortex.o
 .text.__NVIC_EnableIRQ
                0x08001050       0x3c ./Drivers/STM32G4xx_HAL_Driver/Src/stm32g4xx_hal_cortex.o
 .text.__NVIC_SetPriority
                0x0800108c       0x54 ./Drivers/STM32G4xx_HAL_Driver/Src/stm32g4xx_hal_cortex.o
 .text.NVIC_EncodePriority
                0x080010e0       0x66 ./Drivers/STM32G4xx_HAL_Driver/Src/stm32g4xx_hal_cortex.o
 *fill*         0x08001146        0x2 
 .text.SysTick_Config
                0x08001148       0x44 ./Drivers/STM32G4xx_HAL_Driver/Src/stm32g4xx_hal_cortex.o
 .text.HAL_NVIC_SetPriorityGrouping
                0x0800118c       0x16 ./Drivers/STM32G4xx_HAL_Driver/Src/stm32g4xx_hal_cortex.o
                0x0800118c                HAL_NVIC_SetPriorityGrouping
 .text.HAL_NVIC_SetPriority
                0x080011a2       0x34 ./Drivers/STM32G4xx_HAL_Driver/Src/stm32g4xx_hal_cortex.o
                0x080011a2                HAL_NVIC_SetPriority
 .text.HAL_NVIC_EnableIRQ
                0x080011d6       0x1c ./Drivers/STM32G4xx_HAL_Driver/Src/stm32g4xx_hal_cortex.o
                0x080011d6                HAL_NVIC_EnableIRQ
 .text.HAL_SYSTICK_Config
                0x080011f2       0x18 ./Drivers/STM32G4xx_HAL_Driver/Src/stm32g4xx_hal_cortex.o
                0x080011f2                HAL_SYSTICK_Config
 .text.HAL_EXTI_RegisterCallback
                0x0800120a       0x3a ./Drivers/STM32G4xx_HAL_Driver/Src/stm32g4xx_hal_exti.o
                0x0800120a                HAL_EXTI_RegisterCallback
 .text.HAL_EXTI_GetHandle
                0x08001244       0x28 ./Drivers/STM32G4xx_HAL_Driver/Src/stm32g4xx_hal_exti.o
                0x08001244                HAL_EXTI_GetHandle
 .text.HAL_EXTI_IRQHandler
                0x0800126c       0x60 ./Drivers/STM32G4xx_HAL_Driver/Src/stm32g4xx_hal_exti.o
                0x0800126c                HAL_EXTI_IRQHandler
 .text.HAL_GPIO_Init
                0x080012cc      0x304 ./Drivers/STM32G4xx_HAL_Driver/Src/stm32g4xx_hal_gpio.o
                0x080012cc                HAL_GPIO_Init
 .text.HAL_GPIO_WritePin
                0x080015d0       0x30 ./Drivers/STM32G4xx_HAL_Driver/Src/stm32g4xx_hal_gpio.o
                0x080015d0                HAL_GPIO_WritePin
 .text.HAL_PWREx_ControlVoltageScaling
                0x08001600      0x148 ./Drivers/STM32G4xx_HAL_Driver/Src/stm32g4xx_hal_pwr_ex.o
                0x08001600                HAL_PWREx_ControlVoltageScaling
 .text.HAL_PWREx_DisableUCPDDeadBattery
                0x08001748       0x20 ./Drivers/STM32G4xx_HAL_Driver/Src/stm32g4xx_hal_pwr_ex.o
                0x08001748                HAL_PWREx_DisableUCPDDeadBattery
 .text.HAL_RCC_OscConfig
                0x08001768      0x624 ./Drivers/STM32G4xx_HAL_Driver/Src/stm32g4xx_hal_rcc.o
                0x08001768                HAL_RCC_OscConfig
 .text.HAL_RCC_ClockConfig
                0x08001d8c      0x278 ./Drivers/STM32G4xx_HAL_Driver/Src/stm32g4xx_hal_rcc.o
                0x08001d8c                HAL_RCC_ClockConfig
 .text.HAL_RCC_GetSysClockFreq
                0x08002004       0xc4 ./Drivers/STM32G4xx_HAL_Driver/Src/stm32g4xx_hal_rcc.o
                0x08002004                HAL_RCC_GetSysClockFreq
 .text.HAL_RCC_GetHCLKFreq
                0x080020c8       0x18 ./Drivers/STM32G4xx_HAL_Driver/Src/stm32g4xx_hal_rcc.o
                0x080020c8                HAL_RCC_GetHCLKFreq
 .text.HAL_RCC_GetPCLK1Freq
                0x080020e0       0x2c ./Drivers/STM32G4xx_HAL_Driver/Src/stm32g4xx_hal_rcc.o
                0x080020e0                HAL_RCC_GetPCLK1Freq
 .text.HAL_RCC_GetPCLK2Freq
                0x0800210c       0x2c ./Drivers/STM32G4xx_HAL_Driver/Src/stm32g4xx_hal_rcc.o
                0x0800210c                HAL_RCC_GetPCLK2Freq
 .text.RCC_GetSysClockFreqFromPLLSource
                0x08002138       0x8c ./Drivers/STM32G4xx_HAL_Driver/Src/stm32g4xx_hal_rcc.o
 .text.HAL_UART_Init
                0x080021c4       0xa0 ./Drivers/STM32G4xx_HAL_Driver/Src/stm32g4xx_hal_uart.o
                0x080021c4                HAL_UART_Init
 .text.HAL_UART_MspInit
                0x08002264       0x14 ./Drivers/STM32G4xx_HAL_Driver/Src/stm32g4xx_hal_uart.o
                0x08002264                HAL_UART_MspInit
 .text.HAL_UART_Transmit
                0x08002278      0x11c ./Drivers/STM32G4xx_HAL_Driver/Src/stm32g4xx_hal_uart.o
                0x08002278                HAL_UART_Transmit
 .text.UART_SetConfig
                0x08002394      0x5f8 ./Drivers/STM32G4xx_HAL_Driver/Src/stm32g4xx_hal_uart.o
                0x08002394                UART_SetConfig
 .text.UART_AdvFeatureConfig
                0x0800298c      0x144 ./Drivers/STM32G4xx_HAL_Driver/Src/stm32g4xx_hal_uart.o
                0x0800298c                UART_AdvFeatureConfig
 .text.UART_CheckIdleState
                0x08002ad0      0x154 ./Drivers/STM32G4xx_HAL_Driver/Src/stm32g4xx_hal_uart.o
                0x08002ad0                UART_CheckIdleState
 .text.UART_WaitOnFlagUntilTimeout
                0x08002c24       0xda ./Drivers/STM32G4xx_HAL_Driver/Src/stm32g4xx_hal_uart.o
                0x08002c24                UART_WaitOnFlagUntilTimeout
 .text.UART_EndRxTransfer
                0x08002cfe       0xcc ./Drivers/STM32G4xx_HAL_Driver/Src/stm32g4xx_hal_uart.o
 .text.memset   0x08002dca       0x10 C:/ST/STM32CubeIDE_1.16.1/STM32CubeIDE/plugins/com.st.stm32cube.ide.mcu.externaltools.gnu-tools-for-stm32.12.3.rel1.win32_1.0.200.202406191623/tools/bin/../lib/gcc/arm-none-eabi/12.3.1/../../../../arm-none-eabi/lib/thumb/v7e-m+fp/hard\libc_nano.a(libc_a-memset.o)
                0x08002dca                memset
 *fill*         0x08002dda        0x2 
 .text.__libc_init_array
                0x08002ddc       0x48 C:/ST/STM32CubeIDE_1.16.1/STM32CubeIDE/plugins/com.st.stm32cube.ide.mcu.externaltools.gnu-tools-for-stm32.12.3.rel1.win32_1.0.200.202406191623/tools/bin/../lib/gcc/arm-none-eabi/12.3.1/../../../../arm-none-eabi/lib/thumb/v7e-m+fp/hard\libc_nano.a(libc_a-init.o)
                0x08002ddc                __libc_init_array
 *(.glue_7)
 .glue_7        0x08002e24        0x0 linker stubs
 *(.glue_7t)
 .glue_7t       0x08002e24        0x0 linker stubs
 *(.eh_frame)
 .eh_frame      0x08002e24        0x0 C:/ST/STM32CubeIDE_1.16.1/STM32CubeIDE/plugins/com.st.stm32cube.ide.mcu.externaltools.gnu-tools-for-stm32.12.3.rel1.win32_1.0.200.202406191623/tools/bin/../lib/gcc/arm-none-eabi/12.3.1/thumb/v7e-m+fp/hard/crtbegin.o
 *(.init)
 .init          0x08002e24        0x4 C:/ST/STM32CubeIDE_1.16.1/STM32CubeIDE/plugins/com.st.stm32cube.ide.mcu.externaltools.gnu-tools-for-stm32.12.3.rel1.win32_1.0.200.202406191623/tools/bin/../lib/gcc/arm-none-eabi/12.3.1/thumb/v7e-m+fp/hard/crti.o
                0x08002e24                _init
 .init          0x08002e28        0x8 C:/ST/STM32CubeIDE_1.16.1/STM32CubeIDE/plugins/com.st.stm32cube.ide.mcu.externaltools.gnu-tools-for-stm32.12.3.rel1.win32_1.0.200.202406191623/tools/bin/../lib/gcc/arm-none-eabi/12.3.1/thumb/v7e-m+fp/hard/crtn.o
 *(.fini)
 .fini          0x08002e30        0x4 C:/ST/STM32CubeIDE_1.16.1/STM32CubeIDE/plugins/com.st.stm32cube.ide.mcu.externaltools.gnu-tools-for-stm32.12.3.rel1.win32_1.0.200.202406191623/tools/bin/../lib/gcc/arm-none-eabi/12.3.1/thumb/v7e-m+fp/hard/crti.o
                0x08002e30                _fini
 .fini          0x08002e34        0x8 C:/ST/STM32CubeIDE_1.16.1/STM32CubeIDE/plugins/com.st.stm32cube.ide.mcu.externaltools.gnu-tools-for-stm32.12.3.rel1.win32_1.0.200.202406191623/tools/bin/../lib/gcc/arm-none-eabi/12.3.1/thumb/v7e-m+fp/hard/crtn.o
                0x08002e3c                        . = ALIGN (0x4)
                0x08002e3c                        _etext = .

.vfp11_veneer   0x08002e3c        0x0
 .vfp11_veneer  0x08002e3c        0x0 linker stubs

.v4_bx          0x08002e3c        0x0
 .v4_bx         0x08002e3c        0x0 linker stubs

.iplt           0x08002e3c        0x0
 .iplt          0x08002e3c        0x0 C:/ST/STM32CubeIDE_1.16.1/STM32CubeIDE/plugins/com.st.stm32cube.ide.mcu.externaltools.gnu-tools-for-stm32.12.3.rel1.win32_1.0.200.202406191623/tools/bin/../lib/gcc/arm-none-eabi/12.3.1/thumb/v7e-m+fp/hard/crtbegin.o

.rodata         0x08002e3c       0x34
                0x08002e3c                        . = ALIGN (0x4)
 *(.rodata)
 *(.rodata*)
 .rodata.AHBPrescTable
                0x08002e3c       0x10 ./Core/Src/system_stm32g4xx.o
                0x08002e3c                AHBPrescTable
 .rodata.APBPrescTable
                0x08002e4c        0x8 ./Core/Src/system_stm32g4xx.o
                0x08002e4c                APBPrescTable
 .rodata.BUTTON_EXTI_LINE.2
                0x08002e54        0x4 ./Drivers/BSP/STM32G4xx_Nucleo/stm32g4xx_nucleo.o
 .rodata.UARTPrescTable
                0x08002e58       0x18 ./Drivers/STM32G4xx_HAL_Driver/Src/stm32g4xx_hal_uart.o
                0x08002e58                UARTPrescTable
                0x08002e70                        . = ALIGN (0x4)

.ARM.extab      0x08002e70        0x0
                0x08002e70                        . = ALIGN (0x4)
 *(.ARM.extab* .gnu.linkonce.armextab.*)
                0x08002e70                        . = ALIGN (0x4)

.ARM            0x08002e70        0x8
                0x08002e70                        . = ALIGN (0x4)
                0x08002e70                        __exidx_start = .
 *(.ARM.exidx*)
 .ARM.exidx     0x08002e70        0x8 C:/ST/STM32CubeIDE_1.16.1/STM32CubeIDE/plugins/com.st.stm32cube.ide.mcu.externaltools.gnu-tools-for-stm32.12.3.rel1.win32_1.0.200.202406191623/tools/bin/../lib/gcc/arm-none-eabi/12.3.1/thumb/v7e-m+fp/hard\libgcc.a(_udivmoddi4.o)
                0x08002e78                        __exidx_end = .
                0x08002e78                        . = ALIGN (0x4)

.preinit_array  0x08002e78        0x0
                0x08002e78                        . = ALIGN (0x4)
                0x08002e78                        PROVIDE (__preinit_array_start = .)
 *(.preinit_array*)
                0x08002e78                        PROVIDE (__preinit_array_end = .)
                0x08002e78                        . = ALIGN (0x4)

.init_array     0x08002e78        0x4
                0x08002e78                        . = ALIGN (0x4)
                0x08002e78                        PROVIDE (__init_array_start = .)
 *(SORT_BY_NAME(.init_array.*))
 *(.init_array*)
 .init_array    0x08002e78        0x4 C:/ST/STM32CubeIDE_1.16.1/STM32CubeIDE/plugins/com.st.stm32cube.ide.mcu.externaltools.gnu-tools-for-stm32.12.3.rel1.win32_1.0.200.202406191623/tools/bin/../lib/gcc/arm-none-eabi/12.3.1/thumb/v7e-m+fp/hard/crtbegin.o
                0x08002e7c                        PROVIDE (__init_array_end = .)
                0x08002e7c                        . = ALIGN (0x4)

.fini_array     0x08002e7c        0x4
                0x08002e7c                        . = ALIGN (0x4)
                [!provide]                        PROVIDE (__fini_array_start = .)
 *(SORT_BY_NAME(.fini_array.*))
 *(.fini_array*)
 .fini_array    0x08002e7c        0x4 C:/ST/STM32CubeIDE_1.16.1/STM32CubeIDE/plugins/com.st.stm32cube.ide.mcu.externaltools.gnu-tools-for-stm32.12.3.rel1.win32_1.0.200.202406191623/tools/bin/../lib/gcc/arm-none-eabi/12.3.1/thumb/v7e-m+fp/hard/crtbegin.o
                [!provide]                        PROVIDE (__fini_array_end = .)
                0x08002e80                        . = ALIGN (0x4)
                0x08002e80                        _sidata = LOADADDR (.data)

.rel.dyn        0x08002e80        0x0
 .rel.iplt      0x08002e80        0x0 C:/ST/STM32CubeIDE_1.16.1/STM32CubeIDE/plugins/com.st.stm32cube.ide.mcu.externaltools.gnu-tools-for-stm32.12.3.rel1.win32_1.0.200.202406191623/tools/bin/../lib/gcc/arm-none-eabi/12.3.1/thumb/v7e-m+fp/hard/crtbegin.o

.data           0x20000000       0x24 load address 0x08002e80
                0x20000000                        . = ALIGN (0x4)
                0x20000000                        _sdata = .
 *(.data)
 *(.data*)
 .data.transmit_interface_status
                0x20000000        0x1 ./Core/Src/revEMBer.o
 *fill*         0x20000001        0x3 
 .data.SystemCoreClock
                0x20000004        0x4 ./Core/Src/system_stm32g4xx.o
                0x20000004                SystemCoreClock
 .data.LED_PORT
                0x20000008        0x4 ./Drivers/BSP/STM32G4xx_Nucleo/stm32g4xx_nucleo.o
 .data.BUTTON_PORT
                0x2000000c        0x4 ./Drivers/BSP/STM32G4xx_Nucleo/stm32g4xx_nucleo.o
 .data.COM_USART
                0x20000010        0x4 ./Drivers/BSP/STM32G4xx_Nucleo/stm32g4xx_nucleo.o
 .data.ButtonCallback.1
                0x20000014        0x4 ./Drivers/BSP/STM32G4xx_Nucleo/stm32g4xx_nucleo.o
 .data.BSP_BUTTON_PRIO.0
                0x20000018        0x4 ./Drivers/BSP/STM32G4xx_Nucleo/stm32g4xx_nucleo.o
 .data.uwTickPrio
                0x2000001c        0x4 ./Drivers/STM32G4xx_HAL_Driver/Src/stm32g4xx_hal.o
                0x2000001c                uwTickPrio
 .data.uwTickFreq
                0x20000020        0x4 ./Drivers/STM32G4xx_HAL_Driver/Src/stm32g4xx_hal.o
                0x20000020                uwTickFreq
 *(.RamFunc)
 *(.RamFunc*)
                0x20000024                        . = ALIGN (0x4)
                0x20000024                        _edata = .

.igot.plt       0x20000024        0x0 load address 0x08002ea4
 .igot.plt      0x20000024        0x0 C:/ST/STM32CubeIDE_1.16.1/STM32CubeIDE/plugins/com.st.stm32cube.ide.mcu.externaltools.gnu-tools-for-stm32.12.3.rel1.win32_1.0.200.202406191623/tools/bin/../lib/gcc/arm-none-eabi/12.3.1/thumb/v7e-m+fp/hard/crtbegin.o
                0x20000024                        . = ALIGN (0x4)

.bss            0x20000024      0x2f4 load address 0x08002ea4
                0x20000024                        _sbss = .
                0x20000024                        __bss_start__ = _sbss
 *(.bss)
 .bss           0x20000024       0x1c C:/ST/STM32CubeIDE_1.16.1/STM32CubeIDE/plugins/com.st.stm32cube.ide.mcu.externaltools.gnu-tools-for-stm32.12.3.rel1.win32_1.0.200.202406191623/tools/bin/../lib/gcc/arm-none-eabi/12.3.1/thumb/v7e-m+fp/hard/crtbegin.o
 *(.bss*)
 .bss.BspCOMInit
                0x20000040       0x10 ./Core/Src/main.o
                0x20000040                BspCOMInit
 .bss.logging_buffer
                0x20000050        0x4 ./Core/Src/revEMBer.o
 .bss.logging_tx_fun
                0x20000054        0x4 ./Core/Src/revEMBer.o
 .bss.buffer_array
                0x20000058      0x200 ./Core/Src/revEMBer_buffer.o
 .bss.my_buffer
                0x20000258       0x20 ./Core/Src/revEMBer_buffer.o
 .bss.hpb_exti  0x20000278        0x8 ./Drivers/BSP/STM32G4xx_Nucleo/stm32g4xx_nucleo.o
                0x20000278                hpb_exti
 .bss.hcom_uart
                0x20000280       0x94 ./Drivers/BSP/STM32G4xx_Nucleo/stm32g4xx_nucleo.o
                0x20000280                hcom_uart
 .bss.uwTick    0x20000314        0x4 ./Drivers/STM32G4xx_HAL_Driver/Src/stm32g4xx_hal.o
                0x20000314                uwTick
 *(COMMON)
                0x20000318                        . = ALIGN (0x4)
                0x20000318                        _ebss = .
                0x20000318                        __bss_end__ = _ebss

._user_heap_stack
                0x20000318      0x600 load address 0x08002ea4
                0x20000318                        . = ALIGN (0x8)
                [!provide]                        PROVIDE (end = .)
                0x20000318                        PROVIDE (_end = .)
                0x20000518                        . = (. + _Min_Heap_Size)
 *fill*         0x20000318      0x200 
                0x20000918                        . = (. + _Min_Stack_Size)
 *fill*         0x20000518      0x400 
                0x20000918                        . = ALIGN (0x8)

/DISCARD/
 libc.a(*)
 libm.a(*)
 libgcc.a(*)

.ARM.attributes
                0x00000000       0x30
 *(.ARM.attributes)
 .ARM.attributes
                0x00000000       0x22 C:/ST/STM32CubeIDE_1.16.1/STM32CubeIDE/plugins/com.st.stm32cube.ide.mcu.externaltools.gnu-tools-for-stm32.12.3.rel1.win32_1.0.200.202406191623/tools/bin/../lib/gcc/arm-none-eabi/12.3.1/thumb/v7e-m+fp/hard/crti.o
 .ARM.attributes
                0x00000022       0x34 C:/ST/STM32CubeIDE_1.16.1/STM32CubeIDE/plugins/com.st.stm32cube.ide.mcu.externaltools.gnu-tools-for-stm32.12.3.rel1.win32_1.0.200.202406191623/tools/bin/../lib/gcc/arm-none-eabi/12.3.1/thumb/v7e-m+fp/hard/crtbegin.o
 .ARM.attributes
                0x00000056       0x34 ./Core/Src/main.o
 .ARM.attributes
                0x0000008a       0x34 ./Core/Src/revEMBer.o
 .ARM.attributes
                0x000000be       0x34 ./Core/Src/revEMBer_buffer.o
 .ARM.attributes
                0x000000f2       0x34 ./Core/Src/stm32g4xx_hal_msp.o
 .ARM.attributes
                0x00000126       0x34 ./Core/Src/stm32g4xx_it.o
 .ARM.attributes
                0x0000015a       0x34 ./Core/Src/system_stm32g4xx.o
 .ARM.attributes
                0x0000018e       0x21 ./Core/Startup/startup_stm32g474retx.o
 .ARM.attributes
                0x000001af       0x34 ./Drivers/BSP/STM32G4xx_Nucleo/stm32g4xx_nucleo.o
 .ARM.attributes
                0x000001e3       0x34 ./Drivers/STM32G4xx_HAL_Driver/Src/stm32g4xx_hal.o
 .ARM.attributes
                0x00000217       0x34 ./Drivers/STM32G4xx_HAL_Driver/Src/stm32g4xx_hal_cortex.o
 .ARM.attributes
                0x0000024b       0x34 ./Drivers/STM32G4xx_HAL_Driver/Src/stm32g4xx_hal_exti.o
 .ARM.attributes
                0x0000027f       0x34 ./Drivers/STM32G4xx_HAL_Driver/Src/stm32g4xx_hal_gpio.o
 .ARM.attributes
                0x000002b3       0x34 ./Drivers/STM32G4xx_HAL_Driver/Src/stm32g4xx_hal_pwr_ex.o
 .ARM.attributes
                0x000002e7       0x34 ./Drivers/STM32G4xx_HAL_Driver/Src/stm32g4xx_hal_rcc.o
 .ARM.attributes
                0x0000031b       0x34 ./Drivers/STM32G4xx_HAL_Driver/Src/stm32g4xx_hal_uart.o
 .ARM.attributes
                0x0000034f       0x34 C:/ST/STM32CubeIDE_1.16.1/STM32CubeIDE/plugins/com.st.stm32cube.ide.mcu.externaltools.gnu-tools-for-stm32.12.3.rel1.win32_1.0.200.202406191623/tools/bin/../lib/gcc/arm-none-eabi/12.3.1/../../../../arm-none-eabi/lib/thumb/v7e-m+fp/hard\libc_nano.a(libc_a-memset.o)
 .ARM.attributes
                0x00000383       0x34 C:/ST/STM32CubeIDE_1.16.1/STM32CubeIDE/plugins/com.st.stm32cube.ide.mcu.externaltools.gnu-tools-for-stm32.12.3.rel1.win32_1.0.200.202406191623/tools/bin/../lib/gcc/arm-none-eabi/12.3.1/../../../../arm-none-eabi/lib/thumb/v7e-m+fp/hard\libc_nano.a(libc_a-init.o)
 .ARM.attributes
                0x000003b7       0x22 C:/ST/STM32CubeIDE_1.16.1/STM32CubeIDE/plugins/com.st.stm32cube.ide.mcu.externaltools.gnu-tools-for-stm32.12.3.rel1.win32_1.0.200.202406191623/tools/bin/../lib/gcc/arm-none-eabi/12.3.1/thumb/v7e-m+fp/hard\libgcc.a(_aeabi_uldivmod.o)
 .ARM.attributes
                0x000003d9       0x34 C:/ST/STM32CubeIDE_1.16.1/STM32CubeIDE/plugins/com.st.stm32cube.ide.mcu.externaltools.gnu-tools-for-stm32.12.3.rel1.win32_1.0.200.202406191623/tools/bin/../lib/gcc/arm-none-eabi/12.3.1/thumb/v7e-m+fp/hard\libgcc.a(_udivmoddi4.o)
 .ARM.attributes
                0x0000040d       0x22 C:/ST/STM32CubeIDE_1.16.1/STM32CubeIDE/plugins/com.st.stm32cube.ide.mcu.externaltools.gnu-tools-for-stm32.12.3.rel1.win32_1.0.200.202406191623/tools/bin/../lib/gcc/arm-none-eabi/12.3.1/thumb/v7e-m+fp/hard\libgcc.a(_dvmd_tls.o)
 .ARM.attributes
                0x0000042f       0x22 C:/ST/STM32CubeIDE_1.16.1/STM32CubeIDE/plugins/com.st.stm32cube.ide.mcu.externaltools.gnu-tools-for-stm32.12.3.rel1.win32_1.0.200.202406191623/tools/bin/../lib/gcc/arm-none-eabi/12.3.1/thumb/v7e-m+fp/hard/crtn.o
OUTPUT(uart_transmit_bitstream.elf elf32-littlearm)
LOAD linker stubs
LOAD C:/ST/STM32CubeIDE_1.16.1/STM32CubeIDE/plugins/com.st.stm32cube.ide.mcu.externaltools.gnu-tools-for-stm32.12.3.rel1.win32_1.0.200.202406191623/tools/bin/../lib/gcc/arm-none-eabi/12.3.1/../../../../arm-none-eabi/lib/thumb/v7e-m+fp/hard\libc.a
LOAD C:/ST/STM32CubeIDE_1.16.1/STM32CubeIDE/plugins/com.st.stm32cube.ide.mcu.externaltools.gnu-tools-for-stm32.12.3.rel1.win32_1.0.200.202406191623/tools/bin/../lib/gcc/arm-none-eabi/12.3.1/../../../../arm-none-eabi/lib/thumb/v7e-m+fp/hard\libm.a
LOAD C:/ST/STM32CubeIDE_1.16.1/STM32CubeIDE/plugins/com.st.stm32cube.ide.mcu.externaltools.gnu-tools-for-stm32.12.3.rel1.win32_1.0.200.202406191623/tools/bin/../lib/gcc/arm-none-eabi/12.3.1/thumb/v7e-m+fp/hard\libgcc.a

.debug_info     0x00000000     0xbe38
 .debug_info    0x00000000     0x1071 ./Core/Src/main.o
 .debug_info    0x00001071      0x43d ./Core/Src/revEMBer.o
 .debug_info    0x000014ae      0x2d3 ./Core/Src/revEMBer_buffer.o
 .debug_info    0x00001781      0x2e1 ./Core/Src/stm32g4xx_hal_msp.o
 .debug_info    0x00001a62      0x162 ./Core/Src/stm32g4xx_it.o
 .debug_info    0x00001bc4      0x58e ./Core/Src/system_stm32g4xx.o
 .debug_info    0x00002152       0x30 ./Core/Startup/startup_stm32g474retx.o
 .debug_info    0x00002182     0x174a ./Drivers/BSP/STM32G4xx_Nucleo/stm32g4xx_nucleo.o
 .debug_info    0x000038cc      0xc96 ./Drivers/STM32G4xx_HAL_Driver/Src/stm32g4xx_hal.o
 .debug_info    0x00004562      0xdf9 ./Drivers/STM32G4xx_HAL_Driver/Src/stm32g4xx_hal_cortex.o
 .debug_info    0x0000535b      0x63d ./Drivers/STM32G4xx_HAL_Driver/Src/stm32g4xx_hal_exti.o
 .debug_info    0x00005998      0x763 ./Drivers/STM32G4xx_HAL_Driver/Src/stm32g4xx_hal_gpio.o
 .debug_info    0x000060fb      0x93f ./Drivers/STM32G4xx_HAL_Driver/Src/stm32g4xx_hal_pwr_ex.o
 .debug_info    0x00006a3a      0xbe0 ./Drivers/STM32G4xx_HAL_Driver/Src/stm32g4xx_hal_rcc.o
 .debug_info    0x0000761a     0x481e ./Drivers/STM32G4xx_HAL_Driver/Src/stm32g4xx_hal_uart.o

.debug_abbrev   0x00000000     0x1bc6
 .debug_abbrev  0x00000000      0x290 ./Core/Src/main.o
 .debug_abbrev  0x00000290      0x17b ./Core/Src/revEMBer.o
 .debug_abbrev  0x0000040b       0xf4 ./Core/Src/revEMBer_buffer.o
 .debug_abbrev  0x000004ff       0xd9 ./Core/Src/stm32g4xx_hal_msp.o
 .debug_abbrev  0x000005d8       0xbc ./Core/Src/stm32g4xx_it.o
 .debug_abbrev  0x00000694      0x11a ./Core/Src/system_stm32g4xx.o
 .debug_abbrev  0x000007ae       0x24 ./Core/Startup/startup_stm32g474retx.o
 .debug_abbrev  0x000007d2      0x2fb ./Drivers/BSP/STM32G4xx_Nucleo/stm32g4xx_nucleo.o
 .debug_abbrev  0x00000acd      0x271 ./Drivers/STM32G4xx_HAL_Driver/Src/stm32g4xx_hal.o
 .debug_abbrev  0x00000d3e      0x31c ./Drivers/STM32G4xx_HAL_Driver/Src/stm32g4xx_hal_cortex.o
 .debug_abbrev  0x0000105a      0x1a8 ./Drivers/STM32G4xx_HAL_Driver/Src/stm32g4xx_hal_exti.o
 .debug_abbrev  0x00001202      0x1cb ./Drivers/STM32G4xx_HAL_Driver/Src/stm32g4xx_hal_gpio.o
 .debug_abbrev  0x000013cd      0x22c ./Drivers/STM32G4xx_HAL_Driver/Src/stm32g4xx_hal_pwr_ex.o
 .debug_abbrev  0x000015f9      0x2c9 ./Drivers/STM32G4xx_HAL_Driver/Src/stm32g4xx_hal_rcc.o
 .debug_abbrev  0x000018c2      0x304 ./Drivers/STM32G4xx_HAL_Driver/Src/stm32g4xx_hal_uart.o

.debug_aranges  0x00000000      0x9b8
 .debug_aranges
                0x00000000       0x40 ./Core/Src/main.o
 .debug_aranges
                0x00000040       0x50 ./Core/Src/revEMBer.o
 .debug_aranges
                0x00000090       0x40 ./Core/Src/revEMBer_buffer.o
 .debug_aranges
                0x000000d0       0x20 ./Core/Src/stm32g4xx_hal_msp.o
 .debug_aranges
                0x000000f0       0x68 ./Core/Src/stm32g4xx_it.o
 .debug_aranges
                0x00000158       0x28 ./Core/Src/system_stm32g4xx.o
 .debug_aranges
                0x00000180       0x28 ./Core/Startup/startup_stm32g474retx.o
 .debug_aranges
                0x000001a8       0xc8 ./Drivers/BSP/STM32G4xx_Nucleo/stm32g4xx_nucleo.o
 .debug_aranges
                0x00000270      0x148 ./Drivers/STM32G4xx_HAL_Driver/Src/stm32g4xx_hal.o
 .debug_aranges
                0x000003b8      0x128 ./Drivers/STM32G4xx_HAL_Driver/Src/stm32g4xx_hal_cortex.o
 .debug_aranges
                0x000004e0       0x60 ./Drivers/STM32G4xx_HAL_Driver/Src/stm32g4xx_hal_exti.o
 .debug_aranges
                0x00000540       0x58 ./Drivers/STM32G4xx_HAL_Driver/Src/stm32g4xx_hal_gpio.o
 .debug_aranges
                0x00000598      0x140 ./Drivers/STM32G4xx_HAL_Driver/Src/stm32g4xx_hal_pwr_ex.o
 .debug_aranges
                0x000006d8       0x98 ./Drivers/STM32G4xx_HAL_Driver/Src/stm32g4xx_hal_rcc.o
 .debug_aranges
                0x00000770      0x248 ./Drivers/STM32G4xx_HAL_Driver/Src/stm32g4xx_hal_uart.o

.debug_rnglists
                0x00000000      0x762
 .debug_rnglists
                0x00000000       0x2e ./Core/Src/main.o
 .debug_rnglists
                0x0000002e       0x38 ./Core/Src/revEMBer.o
 .debug_rnglists
                0x00000066       0x2b ./Core/Src/revEMBer_buffer.o
 .debug_rnglists
                0x00000091       0x13 ./Core/Src/stm32g4xx_hal_msp.o
 .debug_rnglists
                0x000000a4       0x49 ./Core/Src/stm32g4xx_it.o
 .debug_rnglists
                0x000000ed       0x1a ./Core/Src/system_stm32g4xx.o
 .debug_rnglists
                0x00000107       0x19 ./Core/Startup/startup_stm32g474retx.o
 .debug_rnglists
                0x00000120       0x93 ./Drivers/BSP/STM32G4xx_Nucleo/stm32g4xx_nucleo.o
 .debug_rnglists
                0x000001b3       0xf1 ./Drivers/STM32G4xx_HAL_Driver/Src/stm32g4xx_hal.o
 .debug_rnglists
                0x000002a4       0xda ./Drivers/STM32G4xx_HAL_Driver/Src/stm32g4xx_hal_cortex.o
 .debug_rnglists
                0x0000037e       0x46 ./Drivers/STM32G4xx_HAL_Driver/Src/stm32g4xx_hal_exti.o
 .debug_rnglists
                0x000003c4       0x3f ./Drivers/STM32G4xx_HAL_Driver/Src/stm32g4xx_hal_gpio.o
 .debug_rnglists
                0x00000403       0xf1 ./Drivers/STM32G4xx_HAL_Driver/Src/stm32g4xx_hal_pwr_ex.o
 .debug_rnglists
                0x000004f4       0x74 ./Drivers/STM32G4xx_HAL_Driver/Src/stm32g4xx_hal_rcc.o
 .debug_rnglists
                0x00000568      0x1fa ./Drivers/STM32G4xx_HAL_Driver/Src/stm32g4xx_hal_uart.o

.debug_macro    0x00000000    0x24571
 .debug_macro   0x00000000      0x2fb ./Core/Src/main.o
 .debug_macro   0x000002fb      0x155 ./Core/Src/main.o
 .debug_macro   0x00000450       0x2e ./Core/Src/main.o
 .debug_macro   0x0000047e       0x28 ./Core/Src/main.o
 .debug_macro   0x000004a6       0x22 ./Core/Src/main.o
 .debug_macro   0x000004c8       0x8e ./Core/Src/main.o
 .debug_macro   0x00000556       0x51 ./Core/Src/main.o
 .debug_macro   0x000005a7      0x103 ./Core/Src/main.o
 .debug_macro   0x000006aa       0x6a ./Core/Src/main.o
 .debug_macro   0x00000714      0x1df ./Core/Src/main.o
 .debug_macro   0x000008f3       0x1c ./Core/Src/main.o
 .debug_macro   0x0000090f       0x22 ./Core/Src/main.o
 .debug_macro   0x00000931       0xfb ./Core/Src/main.o
 .debug_macro   0x00000a2c     0x1011 ./Core/Src/main.o
 .debug_macro   0x00001a3d      0x11f ./Core/Src/main.o
 .debug_macro   0x00001b5c    0x18b8c ./Core/Src/main.o
 .debug_macro   0x0001a6e8       0x6d ./Core/Src/main.o
 .debug_macro   0x0001a755     0x3558 ./Core/Src/main.o
 .debug_macro   0x0001dcad      0x189 ./Core/Src/main.o
 .debug_macro   0x0001de36       0x5c ./Core/Src/main.o
 .debug_macro   0x0001de92     0x171f ./Core/Src/main.o
 .debug_macro   0x0001f5b1      0x600 ./Core/Src/main.o
 .debug_macro   0x0001fbb1      0x1b6 ./Core/Src/main.o
 .debug_macro   0x0001fd67      0x34a ./Core/Src/main.o
 .debug_macro   0x000200b1      0x53c ./Core/Src/main.o
 .debug_macro   0x000205ed      0x18b ./Core/Src/main.o
 .debug_macro   0x00020778       0x43 ./Core/Src/main.o
 .debug_macro   0x000207bb      0x23d ./Core/Src/main.o
 .debug_macro   0x000209f8      0x211 ./Core/Src/main.o
 .debug_macro   0x00020c09      0x45c ./Core/Src/main.o
 .debug_macro   0x00021065      0x11c ./Core/Src/main.o
 .debug_macro   0x00021181      0x122 ./Core/Src/main.o
 .debug_macro   0x000212a3      0x3d1 ./Core/Src/main.o
 .debug_macro   0x00021674      0x693 ./Core/Src/main.o
 .debug_macro   0x00021d07       0xa6 ./Core/Src/main.o
 .debug_macro   0x00021dad      0x358 ./Core/Src/main.o
 .debug_macro   0x00022105       0x52 ./Core/Src/main.o
 .debug_macro   0x00022157       0x22 ./Core/Src/main.o
 .debug_macro   0x00022179      0x100 ./Core/Src/main.o
 .debug_macro   0x00022279       0x61 ./Core/Src/main.o
 .debug_macro   0x000222da       0x2a ./Core/Src/main.o
 .debug_macro   0x00022304       0x43 ./Core/Src/main.o
 .debug_macro   0x00022347       0x34 ./Core/Src/main.o
 .debug_macro   0x0002237b       0x16 ./Core/Src/main.o
 .debug_macro   0x00022391       0x35 ./Core/Src/main.o
 .debug_macro   0x000223c6      0x369 ./Core/Src/main.o
 .debug_macro   0x0002272f       0x10 ./Core/Src/main.o
 .debug_macro   0x0002273f       0x16 ./Core/Src/main.o
 .debug_macro   0x00022755       0x43 ./Core/Src/main.o
 .debug_macro   0x00022798       0x34 ./Core/Src/main.o
 .debug_macro   0x000227cc       0x10 ./Core/Src/main.o
 .debug_macro   0x000227dc       0x58 ./Core/Src/main.o
 .debug_macro   0x00022834       0x8e ./Core/Src/main.o
 .debug_macro   0x000228c2       0x1c ./Core/Src/main.o
 .debug_macro   0x000228de      0x177 ./Core/Src/main.o
 .debug_macro   0x00022a55       0x16 ./Core/Src/main.o
 .debug_macro   0x00022a6b       0x16 ./Core/Src/main.o
 .debug_macro   0x00022a81      0x146 ./Core/Src/main.o
 .debug_macro   0x00022bc7       0x58 ./Core/Src/main.o
 .debug_macro   0x00022c1f       0x16 ./Core/Src/main.o
 .debug_macro   0x00022c35       0x20 ./Core/Src/main.o
 .debug_macro   0x00022c55       0x16 ./Core/Src/main.o
 .debug_macro   0x00022c6b      0x1a0 ./Core/Src/revEMBer.o
 .debug_macro   0x00022e0b       0x10 ./Core/Src/revEMBer.o
 .debug_macro   0x00022e1b       0x10 ./Core/Src/revEMBer.o
 .debug_macro   0x00022e2b       0x58 ./Core/Src/revEMBer.o
 .debug_macro   0x00022e83       0x76 ./Core/Src/revEMBer_buffer.o
 .debug_macro   0x00022ef9       0x16 ./Core/Src/revEMBer_buffer.o
 .debug_macro   0x00022f0f      0x2c2 ./Core/Src/stm32g4xx_hal_msp.o
 .debug_macro   0x000231d1      0x2cc ./Core/Src/stm32g4xx_it.o
 .debug_macro   0x0002349d      0x1ba ./Core/Src/system_stm32g4xx.o
 .debug_macro   0x00023657      0x1e7 ./Drivers/BSP/STM32G4xx_Nucleo/stm32g4xx_nucleo.o
 .debug_macro   0x0002383e       0x1c ./Drivers/BSP/STM32G4xx_Nucleo/stm32g4xx_nucleo.o
 .debug_macro   0x0002385a      0x211 ./Drivers/STM32G4xx_HAL_Driver/Src/stm32g4xx_hal.o
 .debug_macro   0x00023a6b      0x1ba ./Drivers/STM32G4xx_HAL_Driver/Src/stm32g4xx_hal_cortex.o
 .debug_macro   0x00023c25      0x1c6 ./Drivers/STM32G4xx_HAL_Driver/Src/stm32g4xx_hal_exti.o
 .debug_macro   0x00023deb      0x1c1 ./Drivers/STM32G4xx_HAL_Driver/Src/stm32g4xx_hal_gpio.o
 .debug_macro   0x00023fac      0x1e4 ./Drivers/STM32G4xx_HAL_Driver/Src/stm32g4xx_hal_pwr_ex.o
 .debug_macro   0x00024190      0x1fc ./Drivers/STM32G4xx_HAL_Driver/Src/stm32g4xx_hal_rcc.o
 .debug_macro   0x0002438c      0x1e5 ./Drivers/STM32G4xx_HAL_Driver/Src/stm32g4xx_hal_uart.o

.debug_line     0x00000000     0xc2a6
 .debug_line    0x00000000      0xa13 ./Core/Src/main.o
 .debug_line    0x00000a13      0x6ab ./Core/Src/revEMBer.o
 .debug_line    0x000010be      0x5a9 ./Core/Src/revEMBer_buffer.o
 .debug_line    0x00001667      0x8fa ./Core/Src/stm32g4xx_hal_msp.o
 .debug_line    0x00001f61      0x9d3 ./Core/Src/stm32g4xx_it.o
 .debug_line    0x00002934      0x7a5 ./Core/Src/system_stm32g4xx.o
 .debug_line    0x000030d9       0x7b ./Core/Startup/startup_stm32g474retx.o
 .debug_line    0x00003154      0xabc ./Drivers/BSP/STM32G4xx_Nucleo/stm32g4xx_nucleo.o
 .debug_line    0x00003c10      0xb7d ./Drivers/STM32G4xx_HAL_Driver/Src/stm32g4xx_hal.o
 .debug_line    0x0000478d      0xcf4 ./Drivers/STM32G4xx_HAL_Driver/Src/stm32g4xx_hal_cortex.o
 .debug_line    0x00005481      0xab1 ./Drivers/STM32G4xx_HAL_Driver/Src/stm32g4xx_hal_exti.o
 .debug_line    0x00005f32      0xb7a ./Drivers/STM32G4xx_HAL_Driver/Src/stm32g4xx_hal_gpio.o
 .debug_line    0x00006aac      0xcd0 ./Drivers/STM32G4xx_HAL_Driver/Src/stm32g4xx_hal_pwr_ex.o
 .debug_line    0x0000777c      0xf2c ./Drivers/STM32G4xx_HAL_Driver/Src/stm32g4xx_hal_rcc.o
 .debug_line    0x000086a8     0x3bfe ./Drivers/STM32G4xx_HAL_Driver/Src/stm32g4xx_hal_uart.o

.debug_str      0x00000000    0xe9eb4
 .debug_str     0x00000000    0xe6ddc ./Core/Src/main.o
                              0xe7108 (size before relaxing)
 .debug_str     0x000e6ddc      0x472 ./Core/Src/revEMBer.o
                               0x7992 (size before relaxing)
 .debug_str     0x000e724e       0xa9 ./Core/Src/revEMBer_buffer.o
                               0x3ea8 (size before relaxing)
 .debug_str     0x000e72f7       0x4d ./Core/Src/stm32g4xx_hal_msp.o
                              0xe646c (size before relaxing)
 .debug_str     0x000e7344       0xf0 ./Core/Src/stm32g4xx_it.o
                              0xe63c5 (size before relaxing)
 .debug_str     0x000e7434       0xdb ./Core/Src/system_stm32g4xx.o
                              0xe24d7 (size before relaxing)
 .debug_str     0x000e750f       0x44 ./Core/Startup/startup_stm32g474retx.o
                                 0x8f (size before relaxing)
 .debug_str     0x000e7553      0xa08 ./Drivers/BSP/STM32G4xx_Nucleo/stm32g4xx_nucleo.o
                              0xe3db9 (size before relaxing)
 .debug_str     0x000e7f5b      0x5e3 ./Drivers/STM32G4xx_HAL_Driver/Src/stm32g4xx_hal.o
                              0xe3481 (size before relaxing)
 .debug_str     0x000e853e      0x34b ./Drivers/STM32G4xx_HAL_Driver/Src/stm32g4xx_hal_cortex.o
                              0xe2ea5 (size before relaxing)
 .debug_str     0x000e8889      0x1b8 ./Drivers/STM32G4xx_HAL_Driver/Src/stm32g4xx_hal_exti.o
                              0xe2571 (size before relaxing)
 .debug_str     0x000e8a41       0xb8 ./Drivers/STM32G4xx_HAL_Driver/Src/stm32g4xx_hal_gpio.o
                              0xe2662 (size before relaxing)
 .debug_str     0x000e8af9      0x4a0 ./Drivers/STM32G4xx_HAL_Driver/Src/stm32g4xx_hal_pwr_ex.o
                              0xe29c5 (size before relaxing)
 .debug_str     0x000e8f99      0x506 ./Drivers/STM32G4xx_HAL_Driver/Src/stm32g4xx_hal_rcc.o
                              0xe2bf6 (size before relaxing)
 .debug_str     0x000e949f      0xa15 ./Drivers/STM32G4xx_HAL_Driver/Src/stm32g4xx_hal_uart.o
                              0xe3492 (size before relaxing)

.comment        0x00000000       0x43
 .comment       0x00000000       0x43 ./Core/Src/main.o
                                 0x44 (size before relaxing)
 .comment       0x00000043       0x44 ./Core/Src/revEMBer.o
 .comment       0x00000043       0x44 ./Core/Src/revEMBer_buffer.o
 .comment       0x00000043       0x44 ./Core/Src/stm32g4xx_hal_msp.o
 .comment       0x00000043       0x44 ./Core/Src/stm32g4xx_it.o
 .comment       0x00000043       0x44 ./Core/Src/system_stm32g4xx.o
 .comment       0x00000043       0x44 ./Drivers/BSP/STM32G4xx_Nucleo/stm32g4xx_nucleo.o
 .comment       0x00000043       0x44 ./Drivers/STM32G4xx_HAL_Driver/Src/stm32g4xx_hal.o
 .comment       0x00000043       0x44 ./Drivers/STM32G4xx_HAL_Driver/Src/stm32g4xx_hal_cortex.o
 .comment       0x00000043       0x44 ./Drivers/STM32G4xx_HAL_Driver/Src/stm32g4xx_hal_exti.o
 .comment       0x00000043       0x44 ./Drivers/STM32G4xx_HAL_Driver/Src/stm32g4xx_hal_gpio.o
 .comment       0x00000043       0x44 ./Drivers/STM32G4xx_HAL_Driver/Src/stm32g4xx_hal_pwr_ex.o
 .comment       0x00000043       0x44 ./Drivers/STM32G4xx_HAL_Driver/Src/stm32g4xx_hal_rcc.o
 .comment       0x00000043       0x44 ./Drivers/STM32G4xx_HAL_Driver/Src/stm32g4xx_hal_uart.o

.debug_frame    0x00000000     0x2698
 .debug_frame   0x00000000       0xbc ./Core/Src/main.o
 .debug_frame   0x000000bc      0x11c ./Core/Src/revEMBer.o
 .debug_frame   0x000001d8       0xd8 ./Core/Src/revEMBer_buffer.o
 .debug_frame   0x000002b0       0x34 ./Core/Src/stm32g4xx_hal_msp.o
 .debug_frame   0x000002e4      0x120 ./Core/Src/stm32g4xx_it.o
 .debug_frame   0x00000404       0x58 ./Core/Src/system_stm32g4xx.o
 .debug_frame   0x0000045c      0x31c ./Drivers/BSP/STM32G4xx_Nucleo/stm32g4xx_nucleo.o
 .debug_frame   0x00000778      0x500 ./Drivers/STM32G4xx_HAL_Driver/Src/stm32g4xx_hal.o
 .debug_frame   0x00000c78      0x4e8 ./Drivers/STM32G4xx_HAL_Driver/Src/stm32g4xx_hal_cortex.o
 .debug_frame   0x00001160      0x174 ./Drivers/STM32G4xx_HAL_Driver/Src/stm32g4xx_hal_exti.o
 .debug_frame   0x000012d4      0x14c ./Drivers/STM32G4xx_HAL_Driver/Src/stm32g4xx_hal_gpio.o
 .debug_frame   0x00001420      0x4fc ./Drivers/STM32G4xx_HAL_Driver/Src/stm32g4xx_hal_pwr_ex.o
 .debug_frame   0x0000191c      0x23c ./Drivers/STM32G4xx_HAL_Driver/Src/stm32g4xx_hal_rcc.o
 .debug_frame   0x00001b58      0xa94 ./Drivers/STM32G4xx_HAL_Driver/Src/stm32g4xx_hal_uart.o
 .debug_frame   0x000025ec       0x20 C:/ST/STM32CubeIDE_1.16.1/STM32CubeIDE/plugins/com.st.stm32cube.ide.mcu.externaltools.gnu-tools-for-stm32.12.3.rel1.win32_1.0.200.202406191623/tools/bin/../lib/gcc/arm-none-eabi/12.3.1/../../../../arm-none-eabi/lib/thumb/v7e-m+fp/hard\libc_nano.a(libc_a-memset.o)
 .debug_frame   0x0000260c       0x2c C:/ST/STM32CubeIDE_1.16.1/STM32CubeIDE/plugins/com.st.stm32cube.ide.mcu.externaltools.gnu-tools-for-stm32.12.3.rel1.win32_1.0.200.202406191623/tools/bin/../lib/gcc/arm-none-eabi/12.3.1/../../../../arm-none-eabi/lib/thumb/v7e-m+fp/hard\libc_nano.a(libc_a-init.o)
 .debug_frame   0x00002638       0x2c C:/ST/STM32CubeIDE_1.16.1/STM32CubeIDE/plugins/com.st.stm32cube.ide.mcu.externaltools.gnu-tools-for-stm32.12.3.rel1.win32_1.0.200.202406191623/tools/bin/../lib/gcc/arm-none-eabi/12.3.1/thumb/v7e-m+fp/hard\libgcc.a(_aeabi_uldivmod.o)
 .debug_frame   0x00002664       0x34 C:/ST/STM32CubeIDE_1.16.1/STM32CubeIDE/plugins/com.st.stm32cube.ide.mcu.externaltools.gnu-tools-for-stm32.12.3.rel1.win32_1.0.200.202406191623/tools/bin/../lib/gcc/arm-none-eabi/12.3.1/thumb/v7e-m+fp/hard\libgcc.a(_udivmoddi4.o)

.debug_line_str
                0x00000000       0x73
 .debug_line_str
                0x00000000       0x73 ./Core/Startup/startup_stm32g474retx.o
